Component: ARM Compiler 5.06 update 5 (build 528) Tool: armlink [4d35e2]

==============================================================================

Section Cross References

    startup_stm32f407xx.o(RESET) refers to startup_stm32f407xx.o(STACK) for __initial_sp
    startup_stm32f407xx.o(RESET) refers to startup_stm32f407xx.o(.text) for Reset_Handler
    startup_stm32f407xx.o(RESET) refers to stm32f4xx_it.o(i.NMI_Handler) for NMI_Handler
    startup_stm32f407xx.o(RESET) refers to stm32f4xx_it.o(i.HardFault_Handler) for HardFault_Handler
    startup_stm32f407xx.o(RESET) refers to stm32f4xx_it.o(i.MemManage_Handler) for MemManage_Handler
    startup_stm32f407xx.o(RESET) refers to stm32f4xx_it.o(i.BusFault_Handler) for BusFault_Handler
    startup_stm32f407xx.o(RESET) refers to stm32f4xx_it.o(i.UsageFault_Handler) for UsageFault_Handler
    startup_stm32f407xx.o(RESET) refers to stm32f4xx_it.o(i.SVC_Handler) for SVC_Handler
    startup_stm32f407xx.o(RESET) refers to stm32f4xx_it.o(i.DebugMon_Handler) for DebugMon_Handler
    startup_stm32f407xx.o(RESET) refers to stm32f4xx_it.o(i.PendSV_Handler) for PendSV_Handler
    startup_stm32f407xx.o(RESET) refers to stm32f4xx_it.o(i.SysTick_Handler) for SysTick_Handler
    startup_stm32f407xx.o(RESET) refers to stm32f4xx_it.o(i.DMA1_Stream4_IRQHandler) for DMA1_Stream4_IRQHandler
    startup_stm32f407xx.o(RESET) refers to stm32f4xx_it.o(i.DMA1_Stream6_IRQHandler) for DMA1_Stream6_IRQHandler
    startup_stm32f407xx.o(RESET) refers to stm32f4xx_it.o(i.TIM1_UP_TIM10_IRQHandler) for TIM1_UP_TIM10_IRQHandler
    startup_stm32f407xx.o(RESET) refers to stm32f4xx_it.o(i.USART1_IRQHandler) for USART1_IRQHandler
    startup_stm32f407xx.o(RESET) refers to stm32f4xx_it.o(i.USART2_IRQHandler) for USART2_IRQHandler
    startup_stm32f407xx.o(RESET) refers to stm32f4xx_it.o(i.UART4_IRQHandler) for UART4_IRQHandler
    startup_stm32f407xx.o(RESET) refers to stm32f4xx_it.o(i.DMA2_Stream1_IRQHandler) for DMA2_Stream1_IRQHandler
    startup_stm32f407xx.o(RESET) refers to stm32f4xx_it.o(i.DMA2_Stream2_IRQHandler) for DMA2_Stream2_IRQHandler
    startup_stm32f407xx.o(RESET) refers to stm32f4xx_it.o(i.DMA2_Stream7_IRQHandler) for DMA2_Stream7_IRQHandler
    startup_stm32f407xx.o(RESET) refers to stm32f4xx_it.o(i.USART6_IRQHandler) for USART6_IRQHandler
    startup_stm32f407xx.o(.text) refers to system_stm32f4xx.o(i.SystemInit) for SystemInit
    startup_stm32f407xx.o(.text) refers to entry.o(.ARM.Collect$$$$00000000) for __main
    main.o(i.HAL_TIM_PeriodElapsedCallback) refers to gimbal_control.o(i.Gimbal_Watchdog_Task) for Gimbal_Watchdog_Task
    main.o(i.HAL_TIM_PeriodElapsedCallback) refers to gimbal_control.o(i.Gimbal_Calculate_Control_Flow) for Gimbal_Calculate_Control_Flow
    main.o(i.HAL_TIM_PeriodElapsedCallback) refers to myuart.o(.data) for visual_data_ready
    main.o(i.SystemClock_Config) refers to memseta.o(.text) for __aeabi_memclr4
    main.o(i.SystemClock_Config) refers to stm32f4xx_hal_rcc.o(i.HAL_RCC_OscConfig) for HAL_RCC_OscConfig
    main.o(i.SystemClock_Config) refers to stm32f4xx_hal_rcc.o(i.HAL_RCC_ClockConfig) for HAL_RCC_ClockConfig
    main.o(i.main) refers to stm32f4xx_hal.o(i.HAL_Init) for HAL_Init
    main.o(i.main) refers to main.o(i.SystemClock_Config) for SystemClock_Config
    main.o(i.main) refers to gpio.o(i.MX_GPIO_Init) for MX_GPIO_Init
    main.o(i.main) refers to dma.o(i.MX_DMA_Init) for MX_DMA_Init
    main.o(i.main) refers to usart.o(i.MX_USART6_UART_Init) for MX_USART6_UART_Init
    main.o(i.main) refers to usart.o(i.MX_UART4_Init) for MX_UART4_Init
    main.o(i.main) refers to usart.o(i.MX_USART1_UART_Init) for MX_USART1_UART_Init
    main.o(i.main) refers to usart.o(i.MX_USART2_UART_Init) for MX_USART2_UART_Init
    main.o(i.main) refers to tim.o(i.MX_TIM1_Init) for MX_TIM1_Init
    main.o(i.main) refers to stm32f4xx_hal.o(i.HAL_Delay) for HAL_Delay
    main.o(i.main) refers to my_motor.o(i.Motor_Stop) for Motor_Stop
    main.o(i.main) refers to printfa.o(i.__0printf) for __2printf
    main.o(i.main) refers to myuart.o(i.MyUART_Init) for MyUART_Init
    main.o(i.main) refers to gimbal_control.o(i.Gimbal_Motor_Init) for Gimbal_Motor_Init
    main.o(i.main) refers to stm32f4xx_hal_tim.o(i.HAL_TIM_Base_Start_IT) for HAL_TIM_Base_Start_IT
    main.o(i.main) refers to my_motor.o(i.Motor_Set_Speed) for Motor_Set_Speed
    main.o(i.main) refers to stm32f4xx_hal_uart.o(i.HAL_UART_Transmit_IT) for HAL_UART_Transmit_IT
    main.o(i.main) refers to tim.o(.bss) for htim1
    main.o(i.main) refers to main.o(.data) for .data
    main.o(i.main) refers to usart.o(.bss) for huart1
    main.o(i.main) refers to myuart.o(.data) for visual_raw_len
    main.o(i.main) refers to myuart.o(.bss) for visual_raw_buf
    dma.o(i.MX_DMA_Init) refers to stm32f4xx_hal_cortex.o(i.HAL_NVIC_SetPriority) for HAL_NVIC_SetPriority
    dma.o(i.MX_DMA_Init) refers to stm32f4xx_hal_cortex.o(i.HAL_NVIC_EnableIRQ) for HAL_NVIC_EnableIRQ
[...]
    ../clib/microlib/string/strncmp.c        0x00000000   Number         0  strncmp.o ABSOLUTE
    ../clib/microlib/stubs.s                 0x00000000   Number         0  iusefp.o ABSOLUTE
    ../clib/microlib/stubs.s                 0x00000000   Number         0  useno.o ABSOLUTE
    ../clib/scanf.c                          0x00000000   Number         0  _sgetc.o ABSOLUTE
    ../clib/scanf.c                          0x00000000   Number         0  scanf_char.o ABSOLUTE
    ../clib/scanf.c                          0x00000000   Number         0  _chval.o ABSOLUTE
    ../clib/scanf.c                          0x00000000   Number         0  scanf_fp.o ABSOLUTE
    ../clib/scanf.c                          0x00000000   Number         0  __0sscanf.o ABSOLUTE
    ../clib/scanf.c                          0x00000000   Number         0  _scanf_int.o ABSOLUTE
    ../clib/scanf.c                          0x00000000   Number         0  _scanf.o ABSOLUTE
    ../fplib/microlib/d2f.c                  0x00000000   Number         0  d2f.o ABSOLUTE
    ../fplib/microlib/f2d.c                  0x00000000   Number         0  f2d.o ABSOLUTE
    ../fplib/microlib/fpadd.c                0x00000000   Number         0  dadd.o ABSOLUTE
    ../fplib/microlib/fpdiv.c                0x00000000   Number         0  ddiv.o ABSOLUTE
    ../fplib/microlib/fpepilogue.c           0x00000000   Number         0  depilogue.o ABSOLUTE
    ../fplib/microlib/fpepilogue.c           0x00000000   Number         0  fepilogue.o ABSOLUTE
    ../fplib/microlib/fpfix.c                0x00000000   Number         0  dfixul.o ABSOLUTE
    ../fplib/microlib/fpflt.c                0x00000000   Number         0  dfltul.o ABSOLUTE
    ../fplib/microlib/fpmul.c                0x00000000   Number         0  dmul.o ABSOLUTE
    ..\Core\Src\dma.c                        0x00000000   Number         0  dma.o ABSOLUTE
    ..\Core\Src\gpio.c                       0x00000000   Number         0  gpio.o ABSOLUTE
    ..\Core\Src\main.c                       0x00000000   Number         0  main.o ABSOLUTE
    ..\Core\Src\stm32f4xx_hal_msp.c          0x00000000   Number         0  stm32f4xx_hal_msp.o ABSOLUTE
    ..\Core\Src\stm32f4xx_it.c               0x00000000   Number         0  stm32f4xx_it.o ABSOLUTE
    ..\Core\Src\system_stm32f4xx.c           0x00000000   Number         0  system_stm32f4xx.o ABSOLUTE
    ..\Core\Src\tim.c                        0x00000000   Number         0  tim.o ABSOLUTE
    ..\Core\Src\usart.c                      0x00000000   Number         0  usart.o ABSOLUTE
    ..\Drivers\STM32F4xx_HAL_Driver\Src\stm32f4xx_hal.c 0x00000000   Number         0  stm32f4xx_hal.o ABSOLUTE
    ..\Drivers\STM32F4xx_HAL_Driver\Src\stm32f4xx_hal_cortex.c 0x00000000   Number         0  stm32f4xx_hal_cortex.o ABSOLUTE
    ..\Drivers\STM32F4xx_HAL_Driver\Src\stm32f4xx_hal_dma.c 0x00000000   Number         0  stm32f4xx_hal_dma.o ABSOLUTE
    ..\Drivers\STM32F4xx_HAL_Driver\Src\stm32f4xx_hal_dma_ex.c 0x00000000   Number         0  stm32f4xx_hal_dma_ex.o ABSOLUTE
    ..\Drivers\STM32F4xx_HAL_Driver\Src\stm32f4xx_hal_exti.c 0x00000000   Number         0  stm32f4xx_hal_exti.o ABSOLUTE
    ..\Drivers\STM32F4xx_HAL_Driver\Src\stm32f4xx_hal_flash.c 0x00000000   Number         0  stm32f4xx_hal_flash.o ABSOLUTE
    ..\Drivers\STM32F4xx_HAL_Driver\Src\stm32f4xx_hal_flash_ex.c 0x00000000   Number         0  stm32f4xx_hal_flash_ex.o ABSOLUTE
    ..\Drivers\STM32F4xx_HAL_Driver\Src\stm32f4xx_hal_flash_ramfunc.c 0x00000000   Number         0  stm32f4xx_hal_flash_ramfunc.o ABSOLUTE
    ..\Drivers\STM32F4xx_HAL_Driver\Src\stm32f4xx_hal_gpio.c 0x00000000   Number         0  stm32f4xx_hal_gpio.o ABSOLUTE
    ..\Drivers\STM32F4xx_HAL_Driver\Src\stm32f4xx_hal_pwr.c 0x00000000   Number         0  stm32f4xx_hal_pwr.o ABSOLUTE
    ..\Drivers\STM32F4xx_HAL_Driver\Src\stm32f4xx_hal_pwr_ex.c 0x00000000   Number         0  stm32f4xx_hal_pwr_ex.o ABSOLUTE
    ..\Drivers\STM32F4xx_HAL_Driver\Src\stm32f4xx_hal_rcc.c 0x00000000   Number         0  stm32f4xx_hal_rcc.o ABSOLUTE
    ..\Drivers\STM32F4xx_HAL_Driver\Src\stm32f4xx_hal_rcc_ex.c 0x00000000   Number         0  stm32f4xx_hal_rcc_ex.o ABSOLUTE
    ..\Drivers\STM32F4xx_HAL_Driver\Src\stm32f4xx_hal_tim.c 0x00000000   Number         0  stm32f4xx_hal_tim.o ABSOLUTE
    ..\Drivers\STM32F4xx_HAL_Driver\Src\stm32f4xx_hal_tim_ex.c 0x00000000   Number         0  stm32f4xx_hal_tim_ex.o ABSOLUTE
    ..\Drivers\STM32F4xx_HAL_Driver\Src\stm32f4xx_hal_uart.c 0x00000000   Number         0  stm32f4xx_hal_uart.o ABSOLUTE
    ..\\lib\\Emm_V5.c                        0x00000000   Number         0  emm_v5.o ABSOLUTE
    ..\\lib\\my_motor.c                      0x00000000   Number         0  my_motor.o ABSOLUTE
    ..\\lib\\myprintf.c                      0x00000000   Number         0  myprintf.o ABSOLUTE
    ..\\work\\gimbal_control.c               0x00000000   Number         0  gimbal_control.o ABSOLUTE
    ..\\work\\myuart.c                       0x00000000   Number         0  myuart.o ABSOLUTE
    ..\lib\Emm_V5.c                          0x00000000   Number         0  emm_v5.o ABSOLUTE
    ..\lib\my_motor.c                        0x00000000   Number         0  my_motor.o ABSOLUTE
    ..\lib\myprintf.c                        0x00000000   Number         0  myprintf.o ABSOLUTE
    ..\lib\pid.c                             0x00000000   Number         0  pid.o ABSOLUTE
    ..\work\gimbal_control.c                 0x00000000   Number         0  gimbal_control.o ABSOLUTE
    ..\work\myuart.c                         0x00000000   Number         0  myuart.o ABSOLUTE
    cdrcmple.s                               0x00000000   Number         0  cdrcmple.o ABSOLUTE
    dc.s                                     0x00000000   Number         0  dc.o ABSOLUTE
    handlers.s                               0x00000000   Number         0  handlers.o ABSOLUTE
    init.s                                   0x00000000   Number         0  init.o ABSOLUTE
    startup_stm32f407xx.s                    0x00000000   Number         0  startup_stm32f407xx.o ABSOLUTE
    RESET                                    0x08000000   Section      392  startup_stm32f407xx.o(RESET)
    .ARM.Collect$$$$00000000                 0x08000188   Section        0  entry.o(.ARM.Collect$$$$00000000)
    .ARM.Collect$$$$00000001                 0x08000188   Section        4  entry2.o(.ARM.Collect$$$$00000001)
    .ARM.Collect$$$$00000004                 0x0800018c   Section        4  entry5.o(.ARM.Collect$$$$00000004)
    .ARM.Collect$$$$00000008                 0x08000190   Section        0  entry7b.o(.ARM.Collect$$$$00000008)
    .ARM.Collect$$$$0000000A                 0x08000190   Section        0  entry8b.o(.ARM.Collect$$$$0000000A)
    .ARM.Collect$$$$0000000B                 0x08000190   Section        8  entry9a.o(.ARM.Collect$$$$0000000B)
    .ARM.Collect$$$$0000000D                 0x08000198   Section        0  entry10a.o(.ARM.Collect$$$$0000000D)
    .ARM.Collect$$$$0000000F                 0x08000198   Section        0  entry11a.o(.ARM.Collect$$$$0000000F)
    .ARM.Collect$$$$00002712                 0x08000198   Section        4  entry2.o(.ARM.Collect$$$$00002712)
    __lit__00000000                          0x08000198   Data           4  entry2.o(.ARM.Collect$$$$00002712)
    .text                                    0x0800019c   Section       36  startup_stm32f407xx.o(.text)
    $v0                                      0x0800019c   Number         0  startup_stm32f407xx.o(.text)
    .text                                    0x080001c0   Section        0  uldiv.o(.text)
    .text                                    0x08000222   Section        0  memcpya.o(.text)
    .text                                    0x08000246   Section        0  memseta.o(.text)
    .text                                    0x0800026a   Section        0  strcmp.o(.text)
    .text                                    0x08000286   Section        0  strncmp.o(.text)
    .text                                    0x080002a4   Section        0  __0sscanf.o(.text)
    .text                                    0x080002dc   Section        0  _scanf_int.o(.text)
    .text                                    0x08000428   Section        0  scanf_fp.o(.text)
    _fp_value                                0x08000429   Thumb Code   296  scanf_fp.o(.text)
    .text                                    0x08000788   Section        0  f2d.o(.text)
    .text                                    0x080007ae   Section        0  uidiv.o(.text)
    .text                                    0x080007da   Section        0  llshl.o(.text)
    .text                                    0x080007f8   Section        0  llushr.o(.text)
    .text                                    0x08000818   Section        0  _chval.o(.text)
    .text                                    0x08000834   Section        0  scanf_char.o(.text)
    _scanf_char_input                        0x08000835   Thumb Code    12  scanf_char.o(.text)
    .text                                    0x0800085c   Section        0  _sgetc.o(.text)
    .text                                    0x0800089c   Section        0  iusefp.o(.text)
    .text                                    0x0800089c   Section        0  dadd.o(.text)
    .text                                    0x080009ea   Section        0  dmul.o(.text)
    .text                                    0x08000ace   Section        0  ddiv.o(.text)
    .text                                    0x08000bac   Section        0  dfltul.o(.text)
    .text                                    0x08000bc4   Section        0  dfixul.o(.text)
    .text                                    0x08000bf4   Section       48  cdrcmple.o(.text)
    .text                                    0x08000c24   Section        0  d2f.o(.text)
    .text                                    0x08000c5c   Section       36  init.o(.text)
    .text                                    0x08000c80   Section        0  llsshr.o(.text)
    .text                                    0x08000ca4   Section        0  isspace_c.o(.text)
    .text                                    0x08000cb0   Section        0  _scanf.o(.text)
    .text                                    0x08000fdc   Section        0  fepilogue.o(.text)
    .text                                    0x0800104a   Section        0  depilogue.o(.text)
    .text                                    0x08001104   Section        0  ctype_c.o(.text)
    i.BusFault_Handler                       0x0800112c   Section        0  stm32f4xx_it.o(i.BusFault_Handler)
    i.DMA1_Stream4_IRQHandler                0x08001130   Section        0  stm32f4xx_it.o(i.DMA1_Stream4_IRQHandler)
    i.DMA1_Stream6_IRQHandler                0x0800113c   Section        0  stm32f4xx_it.o(i.DMA1_Stream6_IRQHandler)
    i.DMA2_Stream1_IRQHandler                0x08001148   Section        0  stm32f4xx_it.o(i.DMA2_Stream1_IRQHandler)
    i.DMA2_Stream2_IRQHandler                0x08001154   Section        0  stm32f4xx_it.o(i.DMA2_Stream2_IRQHandler)
    i.DMA2_Stream7_IRQHandler                0x08001160   Section        0  stm32f4xx_it.o(i.DMA2_Stream7_IRQHandler)
    i.DMA_CalcBaseAndBitshift                0x0800116c   Section        0  stm32f4xx_hal_dma.o(i.DMA_CalcBaseAndBitshift)
    DMA_CalcBaseAndBitshift                  0x0800116d   Thumb Code    34  stm32f4xx_hal_dma.o(i.DMA_CalcBaseAndBitshift)
    i.DMA_CheckFifoParam                     0x08001194   Section        0  stm32f4xx_hal_dma.o(i.DMA_CheckFifoParam)
    DMA_CheckFifoParam                       0x08001195   Thumb Code    84  stm32f4xx_hal_dma.o(i.DMA_CheckFifoParam)
    i.DMA_SetConfig                          0x080011e8   Section        0  stm32f4xx_hal_dma.o(i.DMA_SetConfig)
    DMA_SetConfig                            0x080011e9   Thumb Code    40  stm32f4xx_hal_dma.o(i.DMA_SetConfig)
    i.DebugMon_Handler                       0x08001210   Section        0  stm32f4xx_it.o(i.DebugMon_Handler)
    i.Emm_V5_En_Control                      0x08001212   Section        0  emm_v5.o(i.Emm_V5_En_Control)
    i.Emm_V5_Stop_Now                        0x0800124a   Section        0  emm_v5.o(i.Emm_V5_Stop_Now)
    i.Emm_V5_Vel_Control                     0x0800127e   Section        0  emm_v5.o(i.Emm_V5_Vel_Control)
    i.Error_Handler                          0x080012c2   Section        0  main.o(i.Error_Handler)
    i.Gimbal_Adaptive_Params_Tune            0x080012c8   Section        0  gimbal_control.o(i.Gimbal_Adaptive_Params_Tune)
    i.Gimbal_Calculate_Control_Flow          0x080014b0   Section        0  gimbal_control.o(i.Gimbal_Calculate_Control_Flow)
    i.Gimbal_Motor_Init                      0x080015f0   Section        0  gimbal_control.o(i.Gimbal_Motor_Init)
    i.Gimbal_Reset_Tracking                  0x08001684   Section        0  gimbal_control.o(i.Gimbal_Reset_Tracking)
    i.Gimbal_Set_Deadzone                    0x080016e4   Section        0  gimbal_control.o(i.Gimbal_Set_Deadzone)
    i.Gimbal_Set_Err_Threshold_Small         0x0800172c   Section        0  gimbal_control.o(i.Gimbal_Set_Err_Threshold_Small)
    i.Gimbal_Set_Kd_Base                     0x08001780   Section        0  gimbal_control.o(i.Gimbal_Set_Kd_Base)
    i.Gimbal_Set_Ki_Base                     0x080017c8   Section        0  gimbal_control.o(i.Gimbal_Set_Ki_Base)
    i.Gimbal_Set_Kp_Base                     0x08001810   Section        0  gimbal_control.o(i.Gimbal_Set_Kp_Base)
    i.Gimbal_Set_Run_State                   0x08001858   Section        0  gimbal_control.o(i.Gimbal_Set_Run_State)
    i.Gimbal_Set_Timeout                     0x08001924   Section        0  gimbal_control.o(i.Gimbal_Set_Timeout)
    i.Gimbal_Watchdog_Task                   0x08001950   Section        0  gimbal_control.o(i.Gimbal_Watchdog_Task)
    i.HAL_DMA_Abort                          0x0800197c   Section        0  stm32f4xx_hal_dma.o(i.HAL_DMA_Abort)
    i.HAL_DMA_Abort_IT                       0x08001a0e   Section        0  stm32f4xx_hal_dma.o(i.HAL_DMA_Abort_IT)
    i.HAL_DMA_IRQHandler                     0x08001a34   Section        0  stm32f4xx_hal_dma.o(i.HAL_DMA_IRQHandler)
    i.HAL_DMA_Init                           0x08001bd4   Section        0  stm32f4xx_hal_dma.o(i.HAL_DMA_Init)
    i.HAL_DMA_Start_IT                       0x08001ca8   Section        0  stm32f4xx_hal_dma.o(i.HAL_DMA_Start_IT)
    i.HAL_Delay                              0x08001d18   Section        0  stm32f4xx_hal.o(i.HAL_Delay)
    i.HAL_GPIO_Init                          0x08001d3c   Section        0  stm32f4xx_hal_gpio.o(i.HAL_GPIO_Init)
    i.HAL_GetTick                            0x08001f2c   Section        0  stm32f4xx_hal.o(i.HAL_GetTick)
    i.HAL_IncTick                            0x08001f38   Section        0  stm32f4xx_hal.o(i.HAL_IncTick)
    i.HAL_Init                               0x08001f48   Section        0  stm32f4xx_hal.o(i.HAL_Init)
    i.HAL_InitTick                           0x08001f7c   Section        0  stm32f4xx_hal.o(i.HAL_InitTick)
    i.HAL_MspInit                            0x08001fbc   Section        0  stm32f4xx_hal_msp.o(i.HAL_MspInit)
    i.HAL_NVIC_EnableIRQ                     0x08001fec   Section        0  stm32f4xx_hal_cortex.o(i.HAL_NVIC_EnableIRQ)
    i.HAL_NVIC_SetPriority                   0x08002008   Section        0  stm32f4xx_hal_cortex.o(i.HAL_NVIC_SetPriority)
    i.HAL_NVIC_SetPriorityGrouping           0x08002048   Section        0  stm32f4xx_hal_cortex.o(i.HAL_NVIC_SetPriorityGrouping)
    i.HAL_RCC_ClockConfig                    0x0800206c   Section        0  stm32f4xx_hal_rcc.o(i.HAL_RCC_ClockConfig)
    i.HAL_RCC_GetPCLK1Freq                   0x080021a0   Section        0  stm32f4xx_hal_rcc.o(i.HAL_RCC_GetPCLK1Freq)
    i.HAL_RCC_GetPCLK2Freq                   0x080021c0   Section        0  stm32f4xx_hal_rcc.o(i.HAL_RCC_GetPCLK2Freq)
    i.HAL_RCC_GetSysClockFreq                0x080021e0   Section        0  stm32f4xx_hal_rcc.o(i.HAL_RCC_GetSysClockFreq)
    i.HAL_RCC_OscConfig                      0x08002240   Section        0  stm32f4xx_hal_rcc.o(i.HAL_RCC_OscConfig)
    i.HAL_SYSTICK_Config                     0x080025ac   Section        0  stm32f4xx_hal_cortex.o(i.HAL_SYSTICK_Config)
    i.HAL_TIMEx_BreakCallback                0x080025d4   Section        0  stm32f4xx_hal_tim_ex.o(i.HAL_TIMEx_BreakCallback)
    i.HAL_TIMEx_CommutCallback               0x080025d6   Section        0  stm32f4xx_hal_tim_ex.o(i.HAL_TIMEx_CommutCallback)
    i.HAL_TIMEx_MasterConfigSynchronization  0x080025d8   Section        0  stm32f4xx_hal_tim_ex.o(i.HAL_TIMEx_MasterConfigSynchronization)
    i.HAL_TIM_Base_Init                      0x08002668   Section        0  stm32f4xx_hal_tim.o(i.HAL_TIM_Base_Init)
    i.HAL_TIM_Base_MspInit                   0x080026c4   Section        0  tim.o(i.HAL_TIM_Base_MspInit)
    i.HAL_TIM_Base_Start_IT                  0x08002700   Section        0  stm32f4xx_hal_tim.o(i.HAL_TIM_Base_Start_IT)
    i.HAL_TIM_ConfigClockSource              0x08002780   Section        0  stm32f4xx_hal_tim.o(i.HAL_TIM_ConfigClockSource)
    i.HAL_TIM_IC_CaptureCallback             0x0800285c   Section        0  stm32f4xx_hal_tim.o(i.HAL_TIM_IC_CaptureCallback)
    i.HAL_TIM_IRQHandler                     0x0800285e   Section        0  stm32f4xx_hal_tim.o(i.HAL_TIM_IRQHandler)
    i.HAL_TIM_OC_DelayElapsedCallback        0x0800298e   Section        0  stm32f4xx_hal_tim.o(i.HAL_TIM_OC_DelayElapsedCallback)
    i.HAL_TIM_PWM_PulseFinishedCallback      0x08002990   Section        0  stm32f4xx_hal_tim.o(i.HAL_TIM_PWM_PulseFinishedCallback)
    i.HAL_TIM_PeriodElapsedCallback          0x08002994   Section        0  main.o(i.HAL_TIM_PeriodElapsedCallback)
    i.HAL_TIM_TriggerCallback                0x080029e0   Section        0  stm32f4xx_hal_tim.o(i.HAL_TIM_TriggerCallback)
    i.HAL_UARTEx_RxEventCallback             0x080029e2   Section        0  stm32f4xx_hal_uart.o(i.HAL_UARTEx_RxEventCallback)
    i.HAL_UART_DMAStop                       0x080029e4   Section        0  stm32f4xx_hal_uart.o(i.HAL_UART_DMAStop)
    i.HAL_UART_ErrorCallback                 0x08002a54   Section        0  stm32f4xx_hal_uart.o(i.HAL_UART_ErrorCallback)
    i.HAL_UART_IRQHandler                    0x08002a58   Section        0  stm32f4xx_hal_uart.o(i.HAL_UART_IRQHandler)
    i.HAL_UART_Init                          0x08002cd8   Section        0  stm32f4xx_hal_uart.o(i.HAL_UART_Init)
    i.HAL_UART_MspInit                       0x08002d3c   Section        0  usart.o(i.HAL_UART_MspInit)
    i.HAL_UART_Receive_DMA                   0x08003000   Section        0  stm32f4xx_hal_uart.o(i.HAL_UART_Receive_DMA)
    i.HAL_UART_Receive_IT                    0x0800301c   Section        0  stm32f4xx_hal_uart.o(i.HAL_UART_Receive_IT)
    i.HAL_UART_RxCpltCallback                0x08003038   Section        0  myuart.o(i.HAL_UART_RxCpltCallback)
    i.HAL_UART_RxHalfCpltCallback            0x0800309c   Section        0  stm32f4xx_hal_uart.o(i.HAL_UART_RxHalfCpltCallback)
    i.HAL_UART_Transmit                      0x0800309e   Section        0  stm32f4xx_hal_uart.o(i.HAL_UART_Transmit)
    i.HAL_UART_Transmit_IT                   0x0800313e   Section        0  stm32f4xx_hal_uart.o(i.HAL_UART_Transmit_IT)
    i.HAL_UART_TxCpltCallback                0x08003170   Section        0  stm32f4xx_hal_uart.o(i.HAL_UART_TxCpltCallback)
    i.HardFault_Handler                      0x08003172   Section        0  stm32f4xx_it.o(i.HardFault_Handler)
    i.MX_DMA_Init                            0x08003174   Section        0  dma.o(i.MX_DMA_Init)
    i.MX_GPIO_Init                           0x080031f0   Section        0  gpio.o(i.MX_GPIO_Init)
    i.MX_TIM1_Init                           0x0800322c   Section        0  tim.o(i.MX_TIM1_Init)
    i.MX_UART4_Init                          0x08003298   Section        0  usart.o(i.MX_UART4_Init)
    i.MX_USART1_UART_Init                    0x080032d0   Section        0  usart.o(i.MX_USART1_UART_Init)
    i.MX_USART2_UART_Init                    0x08003308   Section        0  usart.o(i.MX_USART2_UART_Init)
    i.MX_USART6_UART_Init                    0x08003340   Section        0  usart.o(i.MX_USART6_UART_Init)
    i.MemManage_Handler                      0x08003378   Section        0  stm32f4xx_it.o(i.MemManage_Handler)
    i.Motor_Init                             0x0800337c   Section        0  my_motor.o(i.Motor_Init)
    i.Motor_Set_Speed                        0x080033a8   Section        0  my_motor.o(i.Motor_Set_Speed)
    i.Motor_Stop                             0x08003428   Section        0  my_motor.o(i.Motor_Stop)
    i.MyUART_ExecuteCommand                  0x0800344c   Section        0  myuart.o(i.MyUART_ExecuteCommand)
    i.MyUART_Init                            0x080035b0   Section        0  myuart.o(i.MyUART_Init)
    i.MyUART_USART6_IDLE_Handler             0x080035e8   Section        0  myuart.o(i.MyUART_USART6_IDLE_Handler)
    i.NMI_Handler                            0x08003674   Section        0  stm32f4xx_it.o(i.NMI_Handler)
    i.PID_Compute                            0x08003676   Section        0  pid.o(i.PID_Compute)
    i.PID_Init                               0x080036fc   Section        0  pid.o(i.PID_Init)
    i.PID_Reset                              0x0800370c   Section        0  pid.o(i.PID_Reset)
    i.PendSV_Handler                         0x08003724   Section        0  stm32f4xx_it.o(i.PendSV_Handler)
    i.SVC_Handler                            0x08003726   Section        0  stm32f4xx_it.o(i.SVC_Handler)
    i.SysTick_Handler                        0x08003728   Section        0  stm32f4xx_it.o(i.SysTick_Handler)
    i.SystemClock_Config                     0x0800372c   Section        0  main.o(i.SystemClock_Config)
    i.SystemInit                             0x080037c0   Section        0  system_stm32f4xx.o(i.SystemInit)
    i.TIM1_UP_TIM10_IRQHandler               0x080037d0   Section        0  stm32f4xx_it.o(i.TIM1_UP_TIM10_IRQHandler)
    i.TIM_Base_SetConfig                     0x080037dc   Section        0  stm32f4xx_hal_tim.o(i.TIM_Base_SetConfig)
    i.TIM_ETR_SetConfig                      0x080038ac   Section        0  stm32f4xx_hal_tim.o(i.TIM_ETR_SetConfig)
    i.TIM_ITRx_SetConfig                     0x080038c0   Section        0  stm32f4xx_hal_tim.o(i.TIM_ITRx_SetConfig)
    TIM_ITRx_SetConfig                       0x080038c1   Thumb Code    16  stm32f4xx_hal_tim.o(i.TIM_ITRx_SetConfig)
    i.TIM_TI1_ConfigInputStage               0x080038d0   Section        0  stm32f4xx_hal_tim.o(i.TIM_TI1_ConfigInputStage)
    TIM_TI1_ConfigInputStage                 0x080038d1   Thumb Code    34  stm32f4xx_hal_tim.o(i.TIM_TI1_ConfigInputStage)
    i.TIM_TI2_ConfigInputStage               0x080038f2   Section        0  stm32f4xx_hal_tim.o(i.TIM_TI2_ConfigInputStage)
    TIM_TI2_ConfigInputStage                 0x080038f3   Thumb Code    36  stm32f4xx_hal_tim.o(i.TIM_TI2_ConfigInputStage)
    i.UART4_IRQHandler                       0x08003918   Section        0  stm32f4xx_it.o(i.UART4_IRQHandler)
    i.UART_DMAAbortOnError                   0x08003924   Section        0  stm32f4xx_hal_uart.o(i.UART_DMAAbortOnError)
    UART_DMAAbortOnError                     0x08003925   Thumb Code    14  stm32f4xx_hal_uart.o(i.UART_DMAAbortOnError)
    i.UART_DMAError                          0x08003932   Section        0  stm32f4xx_hal_uart.o(i.UART_DMAError)
    UART_DMAError                            0x08003933   Thumb Code    74  stm32f4xx_hal_uart.o(i.UART_DMAError)
    i.UART_DMAReceiveCplt                    0x0800397c   Section        0  stm32f4xx_hal_uart.o(i.UART_DMAReceiveCplt)
    UART_DMAReceiveCplt                      0x0800397d   Thumb Code   134  stm32f4xx_hal_uart.o(i.UART_DMAReceiveCplt)
    i.UART_DMARxHalfCplt                     0x08003a02   Section        0  stm32f4xx_hal_uart.o(i.UART_DMARxHalfCplt)
    UART_DMARxHalfCplt                       0x08003a03   Thumb Code    30  stm32f4xx_hal_uart.o(i.UART_DMARxHalfCplt)
    i.UART_EndRxTransfer                     0x08003a20   Section        0  stm32f4xx_hal_uart.o(i.UART_EndRxTransfer)
    UART_EndRxTransfer                       0x08003a21   Thumb Code    78  stm32f4xx_hal_uart.o(i.UART_EndRxTransfer)
    i.UART_EndTxTransfer                     0x08003a6e   Section        0  stm32f4xx_hal_uart.o(i.UART_EndTxTransfer)
    UART_EndTxTransfer                       0x08003a6f   Thumb Code    28  stm32f4xx_hal_uart.o(i.UART_EndTxTransfer)
    i.UART_Receive_IT                        0x08003a8a   Section        0  stm32f4xx_hal_uart.o(i.UART_Receive_IT)
    UART_Receive_IT                          0x08003a8b   Thumb Code   194  stm32f4xx_hal_uart.o(i.UART_Receive_IT)
    i.UART_SetConfig                         0x08003b4c   Section        0  stm32f4xx_hal_uart.o(i.UART_SetConfig)
    UART_SetConfig                           0x08003b4d   Thumb Code   258  stm32f4xx_hal_uart.o(i.UART_SetConfig)
    i.UART_Start_Receive_DMA                 0x08003c58   Section        0  stm32f4xx_hal_uart.o(i.UART_Start_Receive_DMA)
    i.UART_Start_Receive_IT                  0x08003cf8   Section        0  stm32f4xx_hal_uart.o(i.UART_Start_Receive_IT)
    i.UART_WaitOnFlagUntilTimeout            0x08003d2e   Section        0  stm32f4xx_hal_uart.o(i.UART_WaitOnFlagUntilTimeout)
    UART_WaitOnFlagUntilTimeout              0x08003d2f   Thumb Code   114  stm32f4xx_hal_uart.o(i.UART_WaitOnFlagUntilTimeout)
    i.USART1_IRQHandler                      0x08003da0   Section        0  stm32f4xx_it.o(i.USART1_IRQHandler)
    i.USART2_IRQHandler                      0x08003dac   Section        0  stm32f4xx_it.o(i.USART2_IRQHandler)
    i.USART6_IRQHandler                      0x08003db8   Section        0  stm32f4xx_it.o(i.USART6_IRQHandler)
    i.UsageFault_Handler                     0x08003dcc   Section        0  stm32f4xx_it.o(i.UsageFault_Handler)
    i.__0printf                              0x08003dd0   Section        0  printfa.o(i.__0printf)
    i.__NVIC_SetPriority                     0x08003df0   Section        0  stm32f4xx_hal_cortex.o(i.__NVIC_SetPriority)
    __NVIC_SetPriority                       0x08003df1   Thumb Code    32  stm32f4xx_hal_cortex.o(i.__NVIC_SetPriority)
    i.__scatterload_copy                     0x08003e10   Section       14  handlers.o(i.__scatterload_copy)
    i.__scatterload_null                     0x08003e1e   Section        2  handlers.o(i.__scatterload_null)
    i.__scatterload_zeroinit                 0x08003e20   Section       14  handlers.o(i.__scatterload_zeroinit)
    i._fp_digits                             0x08003e30   Section        0  printfa.o(i._fp_digits)
    _fp_digits                               0x08003e31   Thumb Code   366  printfa.o(i._fp_digits)
    i._is_digit                              0x08003fb4   Section        0  scanf_fp.o(i._is_digit)
    i._printf_core                           0x08003fc4   Section        0  printfa.o(i._printf_core)
    _printf_core                             0x08003fc5   Thumb Code  1744  printfa.o(i._printf_core)
    i._printf_post_padding                   0x080046a0   Section        0  printfa.o(i._printf_post_padding)
    _printf_post_padding                     0x080046a1   Thumb Code    36  printfa.o(i._printf_post_padding)
    i._printf_pre_padding                    0x080046c4   Section        0  printfa.o(i._printf_pre_padding)
    _printf_pre_padding                      0x080046c5   Thumb Code    46  printfa.o(i._printf_pre_padding)
    i.fputc                                  0x080046f4   Section        0  myprintf.o(i.fputc)
    i.main                                   0x0800470c   Section        0  main.o(i.main)
    .constdata                               0x0800484c   Section        8  stm32f4xx_hal_dma.o(.constdata)
    flagBitshiftOffset                       0x0800484c   Data           8  stm32f4xx_hal_dma.o(.constdata)
    .constdata                               0x08004854   Section       16  system_stm32f4xx.o(.constdata)
    .constdata                               0x08004864   Section        8  system_stm32f4xx.o(.constdata)
    .constdata                               0x0800486c   Section       64  ctype_c.o(.constdata)
    .data                                    0x20000000   Section        4  main.o(.data)
    .data                                    0x20000004   Section       12  stm32f4xx_hal.o(.data)
    .data                                    0x20000010   Section        4  system_stm32f4xx.o(.data)
    .data                                    0x20000014   Section        4  myprintf.o(.data)
    .data                                    0x20000018   Section       16  myuart.o(.data)
    .data                                    0x20000028   Section       40  gimbal_control.o(.data)
    filtered_x                               0x20000048   Data           4  gimbal_control.o(.data)
    filtered_y                               0x2000004c   Data           4  gimbal_control.o(.data)
    .bss                                     0x20000050   Section       72  tim.o(.bss)
    .bss                                     0x20000098   Section      768  usart.o(.bss)
    .bss                                     0x20000398   Section      704  myuart.o(.bss)
    .bss                                     0x20000658   Section       64  gimbal_control.o(.bss)
    STACK                                    0x20000698   Section     1024  startup_stm32f407xx.o(STACK)

    Global Symbols

    Symbol Name                              Value     Ov Type        Size  Object(Section)

    BuildAttributes$$THM_ISAv4$E$P$D$K$B$S$7EM$VFPi3$EXTD16$VFPS$VFMA$PE$A:L22UL41UL21$X:L11$S22US41US21$IEEE1$IW$USESV6$~STKCKD$USESV7$~SHL$OTIME$ROPI$EBA8$MICROLIB$REQ8$PRES8$EABIv2 0x00000000   Number         0  anon$$obj.o ABSOLUTE
    __ARM_use_no_argv                        0x00000000   Number         0  main.o ABSOLUTE
    __use_no_errno                           0x00000000   Number         0  useno.o ABSOLUTE
    __use_no_exception_handling              0x00000000   Number         0  useno.o ABSOLUTE
    __use_no_fp                              0x00000000   Number         0  useno.o ABSOLUTE
    __use_no_heap                            0x00000000   Number         0  useno.o ABSOLUTE
    __use_no_heap_region                     0x00000000   Number         0  useno.o ABSOLUTE
    __use_no_semihosting                     0x00000000   Number         0  useno.o ABSOLUTE
    __use_no_semihosting_swi                 0x00000000   Number         0  useno.o ABSOLUTE
    __use_no_signal_handling                 0x00000000   Number         0  useno.o ABSOLUTE
    _printf_a                                0x00000000   Number         0  stubs.o ABSOLUTE
    _printf_c                                0x00000000   Number         0  stubs.o ABSOLUTE
    _printf_charcount                        0x00000000   Number         0  stubs.o ABSOLUTE
    _printf_d                                0x00000000   Number         0  stubs.o ABSOLUTE
    _printf_e                                0x00000000   Number         0  stubs.o ABSOLUTE
    _printf_f                                0x00000000   Number         0  stubs.o ABSOLUTE
    _printf_flags                            0x00000000   Number         0  stubs.o ABSOLUTE
    _printf_fp_dec                           0x00000000   Number         0  stubs.o ABSOLUTE
    _printf_fp_hex                           0x00000000   Number         0  stubs.o ABSOLUTE
    _printf_g                                0x00000000   Number         0  stubs.o ABSOLUTE
    _printf_i                                0x00000000   Number         0  stubs.o ABSOLUTE
    _printf_int_dec                          0x00000000   Number         0  stubs.o ABSOLUTE
    _printf_l                                0x00000000   Number         0  stubs.o ABSOLUTE
    _printf_lc                               0x00000000   Number         0  stubs.o ABSOLUTE
    _printf_ll                               0x00000000   Number         0  stubs.o ABSOLUTE
    _printf_lld                              0x00000000   Number         0  stubs.o ABSOLUTE
    _printf_lli                              0x00000000   Number         0  stubs.o ABSOLUTE
    _printf_llo                              0x00000000   Number         0  stubs.o ABSOLUTE
    _printf_llu                              0x00000000   Number         0  stubs.o ABSOLUTE
    _printf_llx                              0x00000000   Number         0  stubs.o ABSOLUTE
    _printf_longlong_dec                     0x00000000   Number         0  stubs.o ABSOLUTE
    _printf_longlong_hex                     0x00000000   Number         0  stubs.o ABSOLUTE
    _printf_longlong_oct                     0x00000000   Number         0  stubs.o ABSOLUTE
    _printf_ls                               0x00000000   Number         0  stubs.o ABSOLUTE
    _printf_mbtowc                           0x00000000   Number         0  stubs.o ABSOLUTE
    _printf_n                                0x00000000   Number         0  stubs.o ABSOLUTE
    _printf_o                                0x00000000   Number         0  stubs.o ABSOLUTE
    _printf_p                                0x00000000   Number         0  stubs.o ABSOLUTE
    _printf_percent                          0x00000000   Number         0  stubs.o ABSOLUTE
    _printf_pre_padding                      0x00000000   Number         0  stubs.o ABSOLUTE
    _printf_return_value                     0x00000000   Number         0  stubs.o ABSOLUTE
    _printf_s                                0x00000000   Number         0  stubs.o ABSOLUTE
    _printf_sizespec                         0x00000000   Number         0  stubs.o ABSOLUTE
    _printf_str                              0x00000000   Number         0  stubs.o ABSOLUTE
    _printf_truncate_signed                  0x00000000   Number         0  stubs.o ABSOLUTE
    _printf_truncate_unsigned                0x00000000   Number         0  stubs.o ABSOLUTE
    _printf_u                                0x00000000   Number         0  stubs.o ABSOLUTE
    _printf_wc                               0x00000000   Number         0  stubs.o ABSOLUTE
    _printf_wctomb                           0x00000000   Number         0  stubs.o ABSOLUTE
    _printf_widthprec                        0x00000000   Number         0  stubs.o ABSOLUTE
    _printf_x                                0x00000000   Number         0  stubs.o ABSOLUTE
    __cpp_initialize__aeabi_                  - Undefined Weak Reference
    __cxa_finalize                            - Undefined Weak Reference
    __decompress                              - Undefined Weak Reference
    _clock_init                               - Undefined Weak Reference
    _microlib_exit                            - Undefined Weak Reference
    _scanf_longlong                           - Undefined Weak Reference
    _scanf_string                             - Undefined Weak Reference
    __Vectors_Size                           0x00000188   Number         0  startup_stm32f407xx.o ABSOLUTE
    __Vectors                                0x08000000   Data           4  startup_stm32f407xx.o(RESET)
    __Vectors_End                            0x08000188   Data           0  startup_stm32f407xx.o(RESET)
    __main                                   0x08000189   Thumb Code     0  entry.o(.ARM.Collect$$$$00000000)
    _main_stk                                0x08000189   Thumb Code     0  entry2.o(.ARM.Collect$$$$00000001)
    _main_scatterload                        0x0800018d   Thumb Code     0  entry5.o(.ARM.Collect$$$$00000004)
    __main_after_scatterload                 0x08000191   Thumb Code     0  entry5.o(.ARM.Collect$$$$00000004)
    _main_clock                              0x08000191   Thumb Code     0  entry7b.o(.ARM.Collect$$$$00000008)
    _main_cpp_init                           0x08000191   Thumb Code     0  entry8b.o(.ARM.Collect$$$$0000000A)
    _main_init                               0x08000191   Thumb Code     0  entry9a.o(.ARM.Collect$$$$0000000B)
    __rt_final_cpp                           0x08000199   Thumb Code     0  entry10a.o(.ARM.Collect$$$$0000000D)
    __rt_final_exit                          0x08000199   Thumb Code     0  entry11a.o(.ARM.Collect$$$$0000000F)
    Reset_Handler                            0x0800019d   Thumb Code     8  startup_stm32f407xx.o(.text)
    ADC_IRQHandler                           0x080001b7   Thumb Code     0  startup_stm32f407xx.o(.text)
    CAN1_RX0_IRQHandler                      0x080001b7   Thumb Code     0  startup_stm32f407xx.o(.text)
    CAN1_RX1_IRQHandler                      0x080001b7   Thumb Code     0  startup_stm32f407xx.o(.text)
    CAN1_SCE_IRQHandler                      0x080001b7   Thumb Code     0  startup_stm32f407xx.o(.text)
    CAN1_TX_IRQHandler                       0x080001b7   Thumb Code     0  startup_stm32f407xx.o(.text)
    CAN2_RX0_IRQHandler                      0x080001b7   Thumb Code     0  startup_stm32f407xx.o(.text)
    CAN2_RX1_IRQHandler                      0x080001b7   Thumb Code     0  startup_stm32f407xx.o(.text)
    CAN2_SCE_IRQHandler                      0x080001b7   Thumb Code     0  startup_stm32f407xx.o(.text)
    CAN2_TX_IRQHandler                       0x080001b7   Thumb Code     0  startup_stm32f407xx.o(.text)
    DCMI_IRQHandler                          0x080001b7   Thumb Code     0  startup_stm32f407xx.o(.text)
    DMA1_Stream0_IRQHandler                  0x080001b7   Thumb Code     0  startup_stm32f407xx.o(.text)
    DMA1_Stream1_IRQHandler                  0x080001b7   Thumb Code     0  startup_stm32f407xx.o(.text)
    DMA1_Stream2_IRQHandler                  0x080001b7   Thumb Code     0  startup_stm32f407xx.o(.text)
    DMA1_Stream3_IRQHandler                  0x080001b7   Thumb Code     0  startup_stm32f407xx.o(.text)
    DMA1_Stream5_IRQHandler                  0x080001b7   Thumb Code     0  startup_stm32f407xx.o(.text)
    DMA1_Stream7_IRQHandler                  0x080001b7   Thumb Code     0  startup_stm32f407xx.o(.text)
    DMA2_Stream0_IRQHandler                  0x080001b7   Thumb Code     0  startup_stm32f407xx.o(.text)
    DMA2_Stream3_IRQHandler                  0x080001b7   Thumb Code     0  startup_stm32f407xx.o(.text)
    DMA2_Stream4_IRQHandler                  0x080001b7   Thumb Code     0  startup_stm32f407xx.o(.text)
    DMA2_Stream5_IRQHandler                  0x080001b7   Thumb Code     0  startup_stm32f407xx.o(.text)
    DMA2_Stream6_IRQHandler                  0x080001b7   Thumb Code     0  startup_stm32f407xx.o(.text)
    ETH_IRQHandler                           0x080001b7   Thumb Code     0  startup_stm32f407xx.o(.text)
    ETH_WKUP_IRQHandler                      0x080001b7   Thumb Code     0  startup_stm32f407xx.o(.text)
    EXTI0_IRQHandler                         0x080001b7   Thumb Code     0  startup_stm32f407xx.o(.text)
    EXTI15_10_IRQHandler                     0x080001b7   Thumb Code     0  startup_stm32f407xx.o(.text)
    EXTI1_IRQHandler                         0x080001b7   Thumb Code     0  startup_stm32f407xx.o(.text)
    EXTI2_IRQHandler                         0x080001b7   Thumb Code     0  startup_stm32f407xx.o(.text)
    EXTI3_IRQHandler                         0x080001b7   Thumb Code     0  startup_stm32f407xx.o(.text)
    EXTI4_IRQHandler                         0x080001b7   Thumb Code     0  startup_stm32f407xx.o(.text)
    EXTI9_5_IRQHandler                       0x080001b7   Thumb Code     0  startup_stm32f407xx.o(.text)
    FLASH_IRQHandler                         0x080001b7   Thumb Code     0  startup_stm32f407xx.o(.text)
    FMC_IRQHandler                           0x080001b7   Thumb Code     0  startup_stm32f407xx.o(.text)
    FPU_IRQHandler                           0x080001b7   Thumb Code     0  startup_stm32f407xx.o(.text)
    HASH_RNG_IRQHandler                      0x080001b7   Thumb Code     0  startup_stm32f407xx.o(.text)
    I2C1_ER_IRQHandler                       0x080001b7   Thumb Code     0  startup_stm32f407xx.o(.text)
    I2C1_EV_IRQHandler                       0x080001b7   Thumb Code     0  startup_stm32f407xx.o(.text)
    I2C2_ER_IRQHandler                       0x080001b7   Thumb Code     0  startup_stm32f407xx.o(.text)
    I2C2_EV_IRQHandler                       0x080001b7   Thumb Code     0  startup_stm32f407xx.o(.text)
    I2C3_ER_IRQHandler                       0x080001b7   Thumb Code     0  startup_stm32f407xx.o(.text)
    I2C3_EV_IRQHandler                       0x080001b7   Thumb Code     0  startup_stm32f407xx.o(.text)
    OTG_FS_IRQHandler                        0x080001b7   Thumb Code     0  startup_stm32f407xx.o(.text)
    OTG_FS_WKUP_IRQHandler                   0x080001b7   Thumb Code     0  startup_stm32f407xx.o(.text)
    OTG_HS_EP1_IN_IRQHandler                 0x080001b7   Thumb Code     0  startup_stm32f407xx.o(.text)
    OTG_HS_EP1_OUT_IRQHandler                0x080001b7   Thumb Code     0  startup_stm32f407xx.o(.text)
    OTG_HS_IRQHandler                        0x080001b7   Thumb Code     0  startup_stm32f407xx.o(.text)
    OTG_HS_WKUP_IRQHandler                   0x080001b7   Thumb Code     0  startup_stm32f407xx.o(.text)
    PVD_IRQHandler                           0x080001b7   Thumb Code     0  startup_stm32f407xx.o(.text)
    RCC_IRQHandler                           0x080001b7   Thumb Code     0  startup_stm32f407xx.o(.text)
    RTC_Alarm_IRQHandler                     0x080001b7   Thumb Code     0  startup_stm32f407xx.o(.text)
    RTC_WKUP_IRQHandler                      0x080001b7   Thumb Code     0  startup_stm32f407xx.o(.text)
    SDIO_IRQHandler                          0x080001b7   Thumb Code     0  startup_stm32f407xx.o(.text)
    SPI1_IRQHandler                          0x080001b7   Thumb Code     0  startup_stm32f407xx.o(.text)
    SPI2_IRQHandler                          0x080001b7   Thumb Code     0  startup_stm32f407xx.o(.text)
    SPI3_IRQHandler                          0x080001b7   Thumb Code     0  startup_stm32f407xx.o(.text)
    TAMP_STAMP_IRQHandler                    0x080001b7   Thumb Code     0  startup_stm32f407xx.o(.text)
    TIM1_BRK_TIM9_IRQHandler                 0x080001b7   Thumb Code     0  startup_stm32f407xx.o(.text)
    TIM1_CC_IRQHandler                       0x080001b7   Thumb Code     0  startup_stm32f407xx.o(.text)
    TIM1_TRG_COM_TIM11_IRQHandler            0x080001b7   Thumb Code     0  startup_stm32f407xx.o(.text)
    TIM2_IRQHandler                          0x080001b7   Thumb Code     0  startup_stm32f407xx.o(.text)
    TIM3_IRQHandler                          0x080001b7   Thumb Code     0  startup_stm32f407xx.o(.text)
    TIM4_IRQHandler                          0x080001b7   Thumb Code     0  startup_stm32f407xx.o(.text)
    TIM5_IRQHandler                          0x080001b7   Thumb Code     0  startup_stm32f407xx.o(.text)
    TIM6_DAC_IRQHandler                      0x080001b7   Thumb Code     0  startup_stm32f407xx.o(.text)
    TIM7_IRQHandler                          0x080001b7   Thumb Code     0  startup_stm32f407xx.o(.text)
    TIM8_BRK_TIM12_IRQHandler                0x080001b7   Thumb Code     0  startup_stm32f407xx.o(.text)
    TIM8_CC_IRQHandler                       0x080001b7   Thumb Code     0  startup_stm32f407xx.o(.text)
    TIM8_TRG_COM_TIM14_IRQHandler            0x080001b7   Thumb Code     0  startup_stm32f407xx.o(.text)
    TIM8_UP_TIM13_IRQHandler                 0x080001b7   Thumb Code     0  startup_stm32f407xx.o(.text)
    UART5_IRQHandler                         0x080001b7   Thumb Code     0  startup_stm32f407xx.o(.text)
    USART3_IRQHandler                        0x080001b7   Thumb Code     0  startup_stm32f407xx.o(.text)
    WWDG_IRQHandler                          0x080001b7   Thumb Code     0  startup_stm32f407xx.o(.text)
    __aeabi_uldivmod                         0x080001c1   Thumb Code    98  uldiv.o(.text)
    __aeabi_memcpy                           0x08000223   Thumb Code    36  memcpya.o(.text)
    __aeabi_memcpy4                          0x08000223   Thumb Code     0  memcpya.o(.text)
    __aeabi_memcpy8                          0x08000223   Thumb Code     0  memcpya.o(.text)
    __aeabi_memset                           0x08000247   Thumb Code    14  memseta.o(.text)
    __aeabi_memset4                          0x08000247   Thumb Code     0  memseta.o(.text)
    __aeabi_memset8                          0x08000247   Thumb Code     0  memseta.o(.text)
    __aeabi_memclr                           0x08000255   Thumb Code     4  memseta.o(.text)
    __aeabi_memclr4                          0x08000255   Thumb Code     0  memseta.o(.text)
    __aeabi_memclr8                          0x08000255   Thumb Code     0  memseta.o(.text)
    _memset$wrapper                          0x08000259   Thumb Code    18  memseta.o(.text)
    strcmp                                   0x0800026b   Thumb Code    28  strcmp.o(.text)
    strncmp                                  0x08000287   Thumb Code    30  strncmp.o(.text)
    __0sscanf                                0x080002a5   Thumb Code    48  __0sscanf.o(.text)
    _scanf_int                               0x080002dd   Thumb Code   332  _scanf_int.o(.text)
    _scanf_real                              0x08000551   Thumb Code     0  scanf_fp.o(.text)
    _scanf_really_real                       0x08000551   Thumb Code   556  scanf_fp.o(.text)
    __aeabi_f2d                              0x08000789   Thumb Code    38  f2d.o(.text)
    __aeabi_uidiv                            0x080007af   Thumb Code     0  uidiv.o(.text)
    __aeabi_uidivmod                         0x080007af   Thumb Code    44  uidiv.o(.text)
    __aeabi_llsl                             0x080007db   Thumb Code    30  llshl.o(.text)
    _ll_shift_l                              0x080007db   Thumb Code     0  llshl.o(.text)
    __aeabi_llsr                             0x080007f9   Thumb Code    32  llushr.o(.text)
    _ll_ushift_r                             0x080007f9   Thumb Code     0  llushr.o(.text)
    _chval                                   0x08000819   Thumb Code    28  _chval.o(.text)
    __vfscanf_char                           0x08000841   Thumb Code    20  scanf_char.o(.text)
    _sgetc                                   0x0800085d   Thumb Code    30  _sgetc.o(.text)
    _sbackspace                              0x0800087b   Thumb Code    34  _sgetc.o(.text)
    __I$use$fp                               0x0800089d   Thumb Code     0  iusefp.o(.text)
    __aeabi_dadd                             0x0800089d   Thumb Code   322  dadd.o(.text)
    __aeabi_dsub                             0x080009df   Thumb Code     6  dadd.o(.text)
    __aeabi_drsub                            0x080009e5   Thumb Code     6  dadd.o(.text)
    __aeabi_dmul                             0x080009eb   Thumb Code   228  dmul.o(.text)
    __aeabi_ddiv                             0x08000acf   Thumb Code   222  ddiv.o(.text)
    __aeabi_ul2d                             0x08000bad   Thumb Code    24  dfltul.o(.text)
    __aeabi_d2ulz                            0x08000bc5   Thumb Code    48  dfixul.o(.text)
    __aeabi_cdrcmple                         0x08000bf5   Thumb Code    48  cdrcmple.o(.text)
    __aeabi_d2f                              0x08000c25   Thumb Code    56  d2f.o(.text)
    __scatterload                            0x08000c5d   Thumb Code    28  init.o(.text)
    __scatterload_rt2                        0x08000c5d   Thumb Code     0  init.o(.text)
    __aeabi_lasr                             0x08000c81   Thumb Code    36  llsshr.o(.text)
    _ll_sshift_r                             0x08000c81   Thumb Code     0  llsshr.o(.text)
    isspace                                  0x08000ca5   Thumb Code    10  isspace_c.o(.text)
    __vfscanf                                0x08000cb1   Thumb Code   808  _scanf.o(.text)
    _float_round                             0x08000fdd   Thumb Code    18  fepilogue.o(.text)
    _float_epilogue                          0x08000fef   Thumb Code    92  fepilogue.o(.text)
    _double_round                            0x0800104b   Thumb Code    30  depilogue.o(.text)
    _double_epilogue                         0x08001069   Thumb Code   156  depilogue.o(.text)
    __ctype_lookup                           0x08001105   Thumb Code    34  ctype_c.o(.text)
    BusFault_Handler                         0x0800112d   Thumb Code     2  stm32f4xx_it.o(i.BusFault_Handler)
    DMA1_Stream4_IRQHandler                  0x08001131   Thumb Code     6  stm32f4xx_it.o(i.DMA1_Stream4_IRQHandler)
    DMA1_Stream6_IRQHandler                  0x0800113d   Thumb Code     6  stm32f4xx_it.o(i.DMA1_Stream6_IRQHandler)
    DMA2_Stream1_IRQHandler                  0x08001149   Thumb Code     6  stm32f4xx_it.o(i.DMA2_Stream1_IRQHandler)
    DMA2_Stream2_IRQHandler                  0x08001155   Thumb Code     6  stm32f4xx_it.o(i.DMA2_Stream2_IRQHandler)
    DMA2_Stream7_IRQHandler                  0x08001161   Thumb Code     6  stm32f4xx_it.o(i.DMA2_Stream7_IRQHandler)
    DebugMon_Handler                         0x08001211   Thumb Code     2  stm32f4xx_it.o(i.DebugMon_Handler)
    Emm_V5_En_Control                        0x08001213   Thumb Code    56  emm_v5.o(i.Emm_V5_En_Control)
    Emm_V5_Stop_Now                          0x0800124b   Thumb Code    52  emm_v5.o(i.Emm_V5_Stop_Now)
    Emm_V5_Vel_Control                       0x0800127f   Thumb Code    68  emm_v5.o(i.Emm_V5_Vel_Control)
    Error_Handler                            0x080012c3   Thumb Code     4  main.o(i.Error_Handler)
    Gimbal_Adaptive_Params_Tune              0x080012c9   Thumb Code   454  gimbal_control.o(i.Gimbal_Adaptive_Params_Tune)
    Gimbal_Calculate_Control_Flow            0x080014b1   Thumb Code   284  gimbal_control.o(i.Gimbal_Calculate_Control_Flow)
    Gimbal_Motor_Init                        0x080015f1   Thumb Code   124  gimbal_control.o(i.Gimbal_Motor_Init)
    Gimbal_Reset_Tracking                    0x08001685   Thumb Code    44  gimbal_control.o(i.Gimbal_Reset_Tracking)
    Gimbal_Set_Deadzone                      0x080016e5   Thumb Code    38  gimbal_control.o(i.Gimbal_Set_Deadzone)
    Gimbal_Set_Err_Threshold_Small           0x0800172d   Thumb Code    38  gimbal_control.o(i.Gimbal_Set_Err_Threshold_Small)
    Gimbal_Set_Kd_Base                       0x08001781   Thumb Code    38  gimbal_control.o(i.Gimbal_Set_Kd_Base)
    Gimbal_Set_Ki_Base                       0x080017c9   Thumb Code    38  gimbal_control.o(i.Gimbal_Set_Ki_Base)
    Gimbal_Set_Kp_Base                       0x08001811   Thumb Code    38  gimbal_control.o(i.Gimbal_Set_Kp_Base)
    Gimbal_Set_Run_State                     0x08001859   Thumb Code    60  gimbal_control.o(i.Gimbal_Set_Run_State)
    Gimbal_Set_Timeout                       0x08001925   Thumb Code    12  gimbal_control.o(i.Gimbal_Set_Timeout)
    Gimbal_Watchdog_Task                     0x08001951   Thumb Code    40  gimbal_control.o(i.Gimbal_Watchdog_Task)
    HAL_DMA_Abort                            0x0800197d   Thumb Code   146  stm32f4xx_hal_dma.o(i.HAL_DMA_Abort)
    HAL_DMA_Abort_IT                         0x08001a0f   Thumb Code    36  stm32f4xx_hal_dma.o(i.HAL_DMA_Abort_IT)
    HAL_DMA_IRQHandler                       0x08001a35   Thumb Code   412  stm32f4xx_hal_dma.o(i.HAL_DMA_IRQHandler)
    HAL_DMA_Init                             0x08001bd5   Thumb Code   206  stm32f4xx_hal_dma.o(i.HAL_DMA_Init)
    HAL_DMA_Start_IT                         0x08001ca9   Thumb Code   110  stm32f4xx_hal_dma.o(i.HAL_DMA_Start_IT)
    HAL_Delay                                0x08001d19   Thumb Code    32  stm32f4xx_hal.o(i.HAL_Delay)
    HAL_GPIO_Init                            0x08001d3d   Thumb Code   450  stm32f4xx_hal_gpio.o(i.HAL_GPIO_Init)
    HAL_GetTick                              0x08001f2d   Thumb Code     6  stm32f4xx_hal.o(i.HAL_GetTick)
    HAL_IncTick                              0x08001f39   Thumb Code    12  stm32f4xx_hal.o(i.HAL_IncTick)
    HAL_Init                                 0x08001f49   Thumb Code    48  stm32f4xx_hal.o(i.HAL_Init)
    HAL_InitTick                             0x08001f7d   Thumb Code    54  stm32f4xx_hal.o(i.HAL_InitTick)
    HAL_MspInit                              0x08001fbd   Thumb Code    42  stm32f4xx_hal_msp.o(i.HAL_MspInit)
    HAL_NVIC_EnableIRQ                       0x08001fed   Thumb Code    26  stm32f4xx_hal_cortex.o(i.HAL_NVIC_EnableIRQ)
    HAL_NVIC_SetPriority                     0x08002009   Thumb Code    60  stm32f4xx_hal_cortex.o(i.HAL_NVIC_SetPriority)
    HAL_NVIC_SetPriorityGrouping             0x08002049   Thumb Code    26  stm32f4xx_hal_cortex.o(i.HAL_NVIC_SetPriorityGrouping)
    HAL_RCC_ClockConfig                      0x0800206d   Thumb Code   288  stm32f4xx_hal_rcc.o(i.HAL_RCC_ClockConfig)
    HAL_RCC_GetPCLK1Freq                     0x080021a1   Thumb Code    20  stm32f4xx_hal_rcc.o(i.HAL_RCC_GetPCLK1Freq)
    HAL_RCC_GetPCLK2Freq                     0x080021c1   Thumb Code    20  stm32f4xx_hal_rcc.o(i.HAL_RCC_GetPCLK2Freq)
    HAL_RCC_GetSysClockFreq                  0x080021e1   Thumb Code    88  stm32f4xx_hal_rcc.o(i.HAL_RCC_GetSysClockFreq)
    HAL_RCC_OscConfig                        0x08002241   Thumb Code   856  stm32f4xx_hal_rcc.o(i.HAL_RCC_OscConfig)
    HAL_SYSTICK_Config                       0x080025ad   Thumb Code    40  stm32f4xx_hal_cortex.o(i.HAL_SYSTICK_Config)
    HAL_TIMEx_BreakCallback                  0x080025d5   Thumb Code     2  stm32f4xx_hal_tim_ex.o(i.HAL_TIMEx_BreakCallback)
    HAL_TIMEx_CommutCallback                 0x080025d7   Thumb Code     2  stm32f4xx_hal_tim_ex.o(i.HAL_TIMEx_CommutCallback)
    HAL_TIMEx_MasterConfigSynchronization    0x080025d9   Thumb Code   116  stm32f4xx_hal_tim_ex.o(i.HAL_TIMEx_MasterConfigSynchronization)
    HAL_TIM_Base_Init                        0x08002669   Thumb Code    90  stm32f4xx_hal_tim.o(i.HAL_TIM_Base_Init)
    HAL_TIM_Base_MspInit                     0x080026c5   Thumb Code    50  tim.o(i.HAL_TIM_Base_MspInit)
    HAL_TIM_Base_Start_IT                    0x08002701   Thumb Code   100  stm32f4xx_hal_tim.o(i.HAL_TIM_Base_Start_IT)
    HAL_TIM_ConfigClockSource                0x08002781   Thumb Code   220  stm32f4xx_hal_tim.o(i.HAL_TIM_ConfigClockSource)
    HAL_TIM_IC_CaptureCallback               0x0800285d   Thumb Code     2  stm32f4xx_hal_tim.o(i.HAL_TIM_IC_CaptureCallback)
    HAL_TIM_IRQHandler                       0x0800285f   Thumb Code   304  stm32f4xx_hal_tim.o(i.HAL_TIM_IRQHandler)
    HAL_TIM_OC_DelayElapsedCallback          0x0800298f   Thumb Code     2  stm32f4xx_hal_tim.o(i.HAL_TIM_OC_DelayElapsedCallback)
    HAL_TIM_PWM_PulseFinishedCallback        0x08002991   Thumb Code     2  stm32f4xx_hal_tim.o(i.HAL_TIM_PWM_PulseFinishedCallback)
    HAL_TIM_PeriodElapsedCallback            0x08002995   Thumb Code    60  main.o(i.HAL_TIM_PeriodElapsedCallback)
    HAL_TIM_TriggerCallback                  0x080029e1   Thumb Code     2  stm32f4xx_hal_tim.o(i.HAL_TIM_TriggerCallback)
    HAL_UARTEx_RxEventCallback               0x080029e3   Thumb Code     2  stm32f4xx_hal_uart.o(i.HAL_UARTEx_RxEventCallback)
    HAL_UART_DMAStop                         0x080029e5   Thumb Code   112  stm32f4xx_hal_uart.o(i.HAL_UART_DMAStop)
    HAL_UART_ErrorCallback                   0x08002a55   Thumb Code     2  stm32f4xx_hal_uart.o(i.HAL_UART_ErrorCallback)
    HAL_UART_IRQHandler                      0x08002a59   Thumb Code   636  stm32f4xx_hal_uart.o(i.HAL_UART_IRQHandler)
    HAL_UART_Init                            0x08002cd9   Thumb Code   100  stm32f4xx_hal_uart.o(i.HAL_UART_Init)
    HAL_UART_MspInit                         0x08002d3d   Thumb Code   664  usart.o(i.HAL_UART_MspInit)
    HAL_UART_Receive_DMA                     0x08003001   Thumb Code    28  stm32f4xx_hal_uart.o(i.HAL_UART_Receive_DMA)
    HAL_UART_Receive_IT                      0x0800301d   Thumb Code    28  stm32f4xx_hal_uart.o(i.HAL_UART_Receive_IT)
    HAL_UART_RxCpltCallback                  0x08003039   Thumb Code    84  myuart.o(i.HAL_UART_RxCpltCallback)
    HAL_UART_RxHalfCpltCallback              0x0800309d   Thumb Code     2  stm32f4xx_hal_uart.o(i.HAL_UART_RxHalfCpltCallback)
    HAL_UART_Transmit                        0x0800309f   Thumb Code   160  stm32f4xx_hal_uart.o(i.HAL_UART_Transmit)
    HAL_UART_Transmit_IT                     0x0800313f   Thumb Code    50  stm32f4xx_hal_uart.o(i.HAL_UART_Transmit_IT)
    HAL_UART_TxCpltCallback                  0x08003171   Thumb Code     2  stm32f4xx_hal_uart.o(i.HAL_UART_TxCpltCallback)
    HardFault_Handler                        0x08003173   Thumb Code     2  stm32f4xx_it.o(i.HardFault_Handler)
    MX_DMA_Init                              0x08003175   Thumb Code   120  dma.o(i.MX_DMA_Init)
    MX_GPIO_Init                             0x080031f1   Thumb Code    54  gpio.o(i.MX_GPIO_Init)
    MX_TIM1_Init                             0x0800322d   Thumb Code    98  tim.o(i.MX_TIM1_Init)
    MX_UART4_Init                            0x08003299   Thumb Code    48  usart.o(i.MX_UART4_Init)
    MX_USART1_UART_Init                      0x080032d1   Thumb Code    48  usart.o(i.MX_USART1_UART_Init)
    MX_USART2_UART_Init                      0x08003309   Thumb Code    48  usart.o(i.MX_USART2_UART_Init)
    MX_USART6_UART_Init                      0x08003341   Thumb Code    48  usart.o(i.MX_USART6_UART_Init)
    MemManage_Handler                        0x08003379   Thumb Code     2  stm32f4xx_it.o(i.MemManage_Handler)
    Motor_Init                               0x0800337d   Thumb Code    34  my_motor.o(i.Motor_Init)
    Motor_Set_Speed                          0x080033a9   Thumb Code   118  my_motor.o(i.Motor_Set_Speed)
    Motor_Stop                               0x08003429   Thumb Code    26  my_motor.o(i.Motor_Stop)
    MyUART_ExecuteCommand                    0x0800344d   Thumb Code   270  myuart.o(i.MyUART_ExecuteCommand)
    MyUART_Init                              0x080035b1   Thumb Code    40  myuart.o(i.MyUART_Init)
    MyUART_USART6_IDLE_Handler               0x080035e9   Thumb Code   118  myuart.o(i.MyUART_USART6_IDLE_Handler)
    NMI_Handler                              0x08003675   Thumb Code     2  stm32f4xx_it.o(i.NMI_Handler)
    PID_Compute                              0x08003677   Thumb Code   134  pid.o(i.PID_Compute)
    PID_Init                                 0x080036fd   Thumb Code    16  pid.o(i.PID_Init)
    PID_Reset                                0x0800370d   Thumb Code    18  pid.o(i.PID_Reset)
    PendSV_Handler                           0x08003725   Thumb Code     2  stm32f4xx_it.o(i.PendSV_Handler)
    SVC_Handler                              0x08003727   Thumb Code     2  stm32f4xx_it.o(i.SVC_Handler)
    SysTick_Handler                          0x08003729   Thumb Code     4  stm32f4xx_it.o(i.SysTick_Handler)
    SystemClock_Config                       0x0800372d   Thumb Code   138  main.o(i.SystemClock_Config)
    SystemInit                               0x080037c1   Thumb Code    12  system_stm32f4xx.o(i.SystemInit)
    TIM1_UP_TIM10_IRQHandler                 0x080037d1   Thumb Code     6  stm32f4xx_it.o(i.TIM1_UP_TIM10_IRQHandler)
    TIM_Base_SetConfig                       0x080037dd   Thumb Code   164  stm32f4xx_hal_tim.o(i.TIM_Base_SetConfig)
    TIM_ETR_SetConfig                        0x080038ad   Thumb Code    20  stm32f4xx_hal_tim.o(i.TIM_ETR_SetConfig)
    UART4_IRQHandler                         0x08003919   Thumb Code     6  stm32f4xx_it.o(i.UART4_IRQHandler)
    UART_Start_Receive_DMA                   0x08003c59   Thumb Code   146  stm32f4xx_hal_uart.o(i.UART_Start_Receive_DMA)
    UART_Start_Receive_IT                    0x08003cf9   Thumb Code    54  stm32f4xx_hal_uart.o(i.UART_Start_Receive_IT)
    USART1_IRQHandler                        0x08003da1   Thumb Code     6  stm32f4xx_it.o(i.USART1_IRQHandler)
    USART2_IRQHandler                        0x08003dad   Thumb Code     6  stm32f4xx_it.o(i.USART2_IRQHandler)
    USART6_IRQHandler                        0x08003db9   Thumb Code    16  stm32f4xx_it.o(i.USART6_IRQHandler)
    UsageFault_Handler                       0x08003dcd   Thumb Code     2  stm32f4xx_it.o(i.UsageFault_Handler)
    __0printf                                0x08003dd1   Thumb Code    22  printfa.o(i.__0printf)
    __1printf                                0x08003dd1   Thumb Code     0  printfa.o(i.__0printf)
    __2printf                                0x08003dd1   Thumb Code     0  printfa.o(i.__0printf)
    __c89printf                              0x08003dd1   Thumb Code     0  printfa.o(i.__0printf)
    printf                                   0x08003dd1   Thumb Code     0  printfa.o(i.__0printf)
    __scatterload_copy                       0x08003e11   Thumb Code    14  handlers.o(i.__scatterload_copy)
    __scatterload_null                       0x08003e1f   Thumb Code     2  handlers.o(i.__scatterload_null)
    __scatterload_zeroinit                   0x08003e21   Thumb Code    14  handlers.o(i.__scatterload_zeroinit)
    _is_digit                                0x08003fb5   Thumb Code    14  scanf_fp.o(i._is_digit)
    fputc                                    0x080046f5   Thumb Code    20  myprintf.o(i.fputc)
    main                                     0x0800470d   Thumb Code   180  main.o(i.main)
    AHBPrescTable                            0x08004854   Data          16  system_stm32f4xx.o(.constdata)
    APBPrescTable                            0x08004864   Data           8  system_stm32f4xx.o(.constdata)
    __ctype_categories                       0x0800486c   Data          64  ctype_c.o(.constdata)
    Region$$Table$$Base                      0x080048ac   Number         0  anon$$obj.o(Region$$Table)
    Region$$Table$$Limit                     0x080048cc   Number         0  anon$$obj.o(Region$$Table)
    Target_Speed_X                           0x20000000   Data           1  main.o(.data)
    Target_Speed_Y                           0x20000001   Data           1  main.o(.data)
    New_Motor_Cmd_Flag                       0x20000002   Data           1  main.o(.data)
    New_Forward_Flag                         0x20000003   Data           1  main.o(.data)
    uwTickFreq                               0x20000004   Data           1  stm32f4xx_hal.o(.data)
    uwTickPrio                               0x20000008   Data           4  stm32f4xx_hal.o(.data)
    uwTick                                   0x2000000c   Data           4  stm32f4xx_hal.o(.data)
    SystemCoreClock                          0x20000010   Data           4  system_stm32f4xx.o(.data)
    __stdout                                 0x20000014   Data           4  myprintf.o(.data)
    visual_data_ready                        0x20000018   Data           1  myuart.o(.data)
    cmd_idx                                  0x20000019   Data           1  myuart.o(.data)
    is_receiving                             0x2000001a   Data           1  myuart.o(.data)
    u1_rx_byte                               0x2000001b   Data           1  myuart.o(.data)
    visual_raw_len                           0x2000001c   Data           2  myuart.o(.data)
    visual_dx                                0x20000020   Data           4  myuart.o(.data)
    visual_dy                                0x20000024   Data           4  myuart.o(.data)
    is_tracking_active                       0x20000028   Data           1  gimbal_control.o(.data)
    gimbal_run_enable                        0x20000029   Data           1  gimbal_control.o(.data)
    last_target_time                         0x2000002c   Data           4  gimbal_control.o(.data)
    gimbal_deadzone                          0x20000030   Data           4  gimbal_control.o(.data)
    gimbal_timeout_ms                        0x20000034   Data           4  gimbal_control.o(.data)
    gimbal_kp_base                           0x20000038   Data           4  gimbal_control.o(.data)
    gimbal_ki_base                           0x2000003c   Data           4  gimbal_control.o(.data)
    gimbal_kd_base                           0x20000040   Data           4  gimbal_control.o(.data)
    gimbal_err_threshold_small               0x20000044   Data           4  gimbal_control.o(.data)
    htim1                                    0x20000050   Data          72  tim.o(.bss)
    huart4                                   0x20000098   Data          72  usart.o(.bss)
    huart1                                   0x200000e0   Data          72  usart.o(.bss)
    huart2                                   0x20000128   Data          72  usart.o(.bss)
    huart6                                   0x20000170   Data          72  usart.o(.bss)
    hdma_uart4_tx                            0x200001b8   Data          96  usart.o(.bss)
    hdma_usart1_rx                           0x20000218   Data          96  usart.o(.bss)
    hdma_usart1_tx                           0x20000278   Data          96  usart.o(.bss)
    hdma_usart2_tx                           0x200002d8   Data          96  usart.o(.bss)
    hdma_usart6_rx                           0x20000338   Data          96  usart.o(.bss)
    visual_raw_buf                           0x20000398   Data         128  myuart.o(.bss)
    Camera_RxBuffer                          0x20000418   Data         512  myuart.o(.bss)
    cmd_buf                                  0x20000618   Data          64  myuart.o(.bss)
    pid_x                                    0x20000658   Data          32  gimbal_control.o(.bss)
    pid_y                                    0x20000678   Data          32  gimbal_control.o(.bss)
    __initial_sp                             0x20000a98   Data           0  startup_stm32f407xx.o(STACK)



==============================================================================

Memory Map of the image

  Image Entry point : 0x08000189

  Load Region LR_IROM1 (Base: 0x08000000, Size: 0x0000491c, Max: 0x00080000, ABSOLUTE)

    Execution Region ER_IROM1 (Exec base: 0x08000000, Load base: 0x08000000, Size: 0x000048cc, Max: 0x00080000, ABSOLUTE)

    Exec Addr    Load Addr    Size         Type   Attr      Idx    E Section Name        Object

    0x08000000   0x08000000   0x00000188   Data   RO            3    RESET               startup_stm32f407xx.o
    0x08000188   0x08000188   0x00000000   Code   RO         3392  * .ARM.Collect$$$$00000000  mc_w.l(entry.o)
    0x08000188   0x08000188   0x00000004   Code   RO         3678    .ARM.Collect$$$$00000001  mc_w.l(entry2.o)
    0x0800018c   0x0800018c   0x00000004   Code   RO         3681    .ARM.Collect$$$$00000004  mc_w.l(entry5.o)
    0x08000190   0x08000190   0x00000000   Code   RO         3683    .ARM.Collect$$$$00000008  mc_w.l(entry7b.o)
    0x08000190   0x08000190   0x00000000   Code   RO         3685    .ARM.Collect$$$$0000000A  mc_w.l(entry8b.o)
    0x08000190   0x08000190   0x00000008   Code   RO         3686    .ARM.Collect$$$$0000000B  mc_w.l(entry9a.o)
    0x08000198   0x08000198   0x00000000   Code   RO         3688    .ARM.Collect$$$$0000000D  mc_w.l(entry10a.o)
    0x08000198   0x08000198   0x00000000   Code   RO         3690    .ARM.Collect$$$$0000000F  mc_w.l(entry11a.o)
    0x08000198   0x08000198   0x00000004   Code   RO         3679    .ARM.Collect$$$$00002712  mc_w.l(entry2.o)
    0x0800019c   0x0800019c   0x00000024   Code   RO            4    .text               startup_stm32f407xx.o
    0x080001c0   0x080001c0   0x00000062   Code   RO         3395    .text               mc_w.l(uldiv.o)
    0x08000222   0x08000222   0x00000024   Code   RO         3397    .text               mc_w.l(memcpya.o)
    0x08000246   0x08000246   0x00000024   Code   RO         3399    .text               mc_w.l(memseta.o)
    0x0800026a   0x0800026a   0x0000001c   Code   RO         3401    .text               mc_w.l(strcmp.o)
    0x08000286   0x08000286   0x0000001e   Code   RO         3403    .text               mc_w.l(strncmp.o)
    0x080002a4   0x080002a4   0x00000038   Code   RO         3668    .text               mc_w.l(__0sscanf.o)
    0x080002dc   0x080002dc   0x0000014c   Code   RO         3670    .text               mc_w.l(_scanf_int.o)
    0x08000428   0x08000428   0x00000360   Code   RO         3672    .text               mc_w.l(scanf_fp.o)
    0x08000788   0x08000788   0x00000026   Code   RO         3676    .text               mf_w.l(f2d.o)
    0x080007ae   0x080007ae   0x0000002c   Code   RO         3692    .text               mc_w.l(uidiv.o)
    0x080007da   0x080007da   0x0000001e   Code   RO         3694    .text               mc_w.l(llshl.o)
    0x080007f8   0x080007f8   0x00000020   Code   RO         3696    .text               mc_w.l(llushr.o)
    0x08000818   0x08000818   0x0000001c   Code   RO         3698    .text               mc_w.l(_chval.o)
    0x08000834   0x08000834   0x00000028   Code   RO         3700    .text               mc_w.l(scanf_char.o)
    0x0800085c   0x0800085c   0x00000040   Code   RO         3702    .text               mc_w.l(_sgetc.o)
    0x0800089c   0x0800089c   0x00000000   Code   RO         3704    .text               mc_w.l(iusefp.o)
    0x0800089c   0x0800089c   0x0000014e   Code   RO         3705    .text               mf_w.l(dadd.o)
    0x080009ea   0x080009ea   0x000000e4   Code   RO         3707    .text               mf_w.l(dmul.o)
    0x08000ace   0x08000ace   0x000000de   Code   RO         3709    .text               mf_w.l(ddiv.o)
    0x08000bac   0x08000bac   0x00000018   Code   RO         3711    .text               mf_w.l(dfltul.o)
    0x08000bc4   0x08000bc4   0x00000030   Code   RO         3713    .text               mf_w.l(dfixul.o)
    0x08000bf4   0x08000bf4   0x00000030   Code   RO         3715    .text               mf_w.l(cdrcmple.o)
    0x08000c24   0x08000c24   0x00000038   Code   RO         3717    .text               mf_w.l(d2f.o)
    0x08000c5c   0x08000c5c   0x00000024   Code   RO         3719    .text               mc_w.l(init.o)
    0x08000c80   0x08000c80   0x00000024   Code   RO         3721    .text               mc_w.l(llsshr.o)
    0x08000ca4   0x08000ca4   0x0000000a   Code   RO         3723    .text               mc_w.l(isspace_c.o)
    0x08000cae   0x08000cae   0x00000002   PAD
    0x08000cb0   0x08000cb0   0x0000032c   Code   RO         3725    .text               mc_w.l(_scanf.o)
    0x08000fdc   0x08000fdc   0x0000006e   Code   RO         3727    .text               mf_w.l(fepilogue.o)
    0x0800104a   0x0800104a   0x000000ba   Code   RO         3729    .text               mf_w.l(depilogue.o)
    0x08001104   0x08001104   0x00000028   Code   RO         3731    .text               mc_w.l(ctype_c.o)
    0x0800112c   0x0800112c   0x00000002   Code   RO          344    i.BusFault_Handler  stm32f4xx_it.o
    0x0800112e   0x0800112e   0x00000002   PAD
    0x08001130   0x08001130   0x0000000c   Code   RO          345    i.DMA1_Stream4_IRQHandler  stm32f4xx_it.o
    0x0800113c   0x0800113c   0x0000000c   Code   RO          346    i.DMA1_Stream6_IRQHandler  stm32f4xx_it.o
    0x08001148   0x08001148   0x0000000c   Code   RO          347    i.DMA2_Stream1_IRQHandler  stm32f4xx_it.o
    0x08001154   0x08001154   0x0000000c   Code   RO          348    i.DMA2_Stream2_IRQHandler  stm32f4xx_it.o
    0x08001160   0x08001160   0x0000000c   Code   RO          349    i.DMA2_Stream7_IRQHandler  stm32f4xx_it.o
    0x0800116c   0x0800116c   0x00000028   Code   RO         1936    i.DMA_CalcBaseAndBitshift  stm32f4xx_hal_dma.o
    0x08001194   0x08001194   0x00000054   Code   RO         1937    i.DMA_CheckFifoParam  stm32f4xx_hal_dma.o
    0x080011e8   0x080011e8   0x00000028   Code   RO         1938    i.DMA_SetConfig     stm32f4xx_hal_dma.o
    0x08001210   0x08001210   0x00000002   Code   RO          350    i.DebugMon_Handler  stm32f4xx_it.o
    0x08001212   0x08001212   0x00000038   Code   RO         3069    i.Emm_V5_En_Control  emm_v5.o
    0x0800124a   0x0800124a   0x00000034   Code   RO         3080    i.Emm_V5_Stop_Now   emm_v5.o
    0x0800127e   0x0800127e   0x00000044   Code   RO         3082    i.Emm_V5_Vel_Control  emm_v5.o
    0x080012c2   0x080012c2   0x00000004   Code   RO           13    i.Error_Handler     main.o
    0x080012c6   0x080012c6   0x00000002   PAD
    0x080012c8   0x080012c8   0x000001e8   Code   RO         3293    i.Gimbal_Adaptive_Params_Tune  gimbal_control.o
    0x080014b0   0x080014b0   0x00000140   Code   RO         3294    i.Gimbal_Calculate_Control_Flow  gimbal_control.o
    0x080015f0   0x080015f0   0x00000094   Code   RO         3295    i.Gimbal_Motor_Init  gimbal_control.o
    0x08001684   0x08001684   0x00000060   Code   RO         3296    i.Gimbal_Reset_Tracking  gimbal_control.o
    0x080016e4   0x080016e4   0x00000048   Code   RO         3297    i.Gimbal_Set_Deadzone  gimbal_control.o
    0x0800172c   0x0800172c   0x00000054   Code   RO         3298    i.Gimbal_Set_Err_Threshold_Small  gimbal_control.o
    0x08001780   0x08001780   0x00000048   Code   RO         3299    i.Gimbal_Set_Kd_Base  gimbal_control.o
    0x080017c8   0x080017c8   0x00000048   Code   RO         3300    i.Gimbal_Set_Ki_Base  gimbal_control.o
    0x08001810   0x08001810   0x00000048   Code   RO         3301    i.Gimbal_Set_Kp_Base  gimbal_control.o
    0x08001858   0x08001858   0x000000cc   Code   RO         3302    i.Gimbal_Set_Run_State  gimbal_control.o
    0x08001924   0x08001924   0x0000002c   Code   RO         3303    i.Gimbal_Set_Timeout  gimbal_control.o
    0x08001950   0x08001950   0x0000002c   Code   RO         3304    i.Gimbal_Watchdog_Task  gimbal_control.o
    0x0800197c   0x0800197c   0x00000092   Code   RO         1939    i.HAL_DMA_Abort     stm32f4xx_hal_dma.o
    0x08001a0e   0x08001a0e   0x00000024   Code   RO         1940    i.HAL_DMA_Abort_IT  stm32f4xx_hal_dma.o
    0x08001a32   0x08001a32   0x00000002   PAD
    0x08001a34   0x08001a34   0x000001a0   Code   RO         1944    i.HAL_DMA_IRQHandler  stm32f4xx_hal_dma.o
    0x08001bd4   0x08001bd4   0x000000d4   Code   RO         1945    i.HAL_DMA_Init      stm32f4xx_hal_dma.o
    0x08001ca8   0x08001ca8   0x0000006e   Code   RO         1949    i.HAL_DMA_Start_IT  stm32f4xx_hal_dma.o
    0x08001d16   0x08001d16   0x00000002   PAD
    0x08001d18   0x08001d18   0x00000024   Code   RO         2376    i.HAL_Delay         stm32f4xx_hal.o
    0x08001d3c   0x08001d3c   0x000001f0   Code   RO         1832    i.HAL_GPIO_Init     stm32f4xx_hal_gpio.o
    0x08001f2c   0x08001f2c   0x0000000c   Code   RO         2382    i.HAL_GetTick       stm32f4xx_hal.o
    0x08001f38   0x08001f38   0x00000010   Code   RO         2388    i.HAL_IncTick       stm32f4xx_hal.o
    0x08001f48   0x08001f48   0x00000034   Code   RO         2389    i.HAL_Init          stm32f4xx_hal.o
    0x08001f7c   0x08001f7c   0x00000040   Code   RO         2390    i.HAL_InitTick      stm32f4xx_hal.o
    0x08001fbc   0x08001fbc   0x00000030   Code   RO          480    i.HAL_MspInit       stm32f4xx_hal_msp.o
    0x08001fec   0x08001fec   0x0000001a   Code   RO         2224    i.HAL_NVIC_EnableIRQ  stm32f4xx_hal_cortex.o
    0x08002006   0x08002006   0x00000002   PAD
    0x08002008   0x08002008   0x00000040   Code   RO         2230    i.HAL_NVIC_SetPriority  stm32f4xx_hal_cortex.o
    0x08002048   0x08002048   0x00000024   Code   RO         2231    i.HAL_NVIC_SetPriorityGrouping  stm32f4xx_hal_cortex.o
    0x0800206c   0x0800206c   0x00000134   Code   RO         1478    i.HAL_RCC_ClockConfig  stm32f4xx_hal_rcc.o
    0x080021a0   0x080021a0   0x00000020   Code   RO         1485    i.HAL_RCC_GetPCLK1Freq  stm32f4xx_hal_rcc.o
    0x080021c0   0x080021c0   0x00000020   Code   RO         1486    i.HAL_RCC_GetPCLK2Freq  stm32f4xx_hal_rcc.o
    0x080021e0   0x080021e0   0x00000060   Code   RO         1487    i.HAL_RCC_GetSysClockFreq  stm32f4xx_hal_rcc.o
    0x08002240   0x08002240   0x0000036c   Code   RO         1490    i.HAL_RCC_OscConfig  stm32f4xx_hal_rcc.o
    0x080025ac   0x080025ac   0x00000028   Code   RO         2235    i.HAL_SYSTICK_Config  stm32f4xx_hal_cortex.o
    0x080025d4   0x080025d4   0x00000002   Code   RO         1210    i.HAL_TIMEx_BreakCallback  stm32f4xx_hal_tim_ex.o
    0x080025d6   0x080025d6   0x00000002   Code   RO         1211    i.HAL_TIMEx_CommutCallback  stm32f4xx_hal_tim_ex.o
    0x080025d8   0x080025d8   0x00000090   Code   RO         1229    i.HAL_TIMEx_MasterConfigSynchronization  stm32f4xx_hal_tim_ex.o
    0x08002668   0x08002668   0x0000005a   Code   RO          506    i.HAL_TIM_Base_Init  stm32f4xx_hal_tim.o
    0x080026c2   0x080026c2   0x00000002   PAD
    0x080026c4   0x080026c4   0x0000003c   Code   RO          243    i.HAL_TIM_Base_MspInit  tim.o
    0x08002700   0x08002700   0x00000080   Code   RO          511    i.HAL_TIM_Base_Start_IT  stm32f4xx_hal_tim.o
    0x08002780   0x08002780   0x000000dc   Code   RO          515    i.HAL_TIM_ConfigClockSource  stm32f4xx_hal_tim.o
    0x0800285c   0x0800285c   0x00000002   Code   RO          540    i.HAL_TIM_IC_CaptureCallback  stm32f4xx_hal_tim.o
    0x0800285e   0x0800285e   0x00000130   Code   RO          554    i.HAL_TIM_IRQHandler  stm32f4xx_hal_tim.o
    0x0800298e   0x0800298e   0x00000002   Code   RO          557    i.HAL_TIM_OC_DelayElapsedCallback  stm32f4xx_hal_tim.o
    0x08002990   0x08002990   0x00000002   Code   RO          584    i.HAL_TIM_PWM_PulseFinishedCallback  stm32f4xx_hal_tim.o
    0x08002992   0x08002992   0x00000002   PAD
    0x08002994   0x08002994   0x0000004c   Code   RO           14    i.HAL_TIM_PeriodElapsedCallback  main.o
    0x080029e0   0x080029e0   0x00000002   Code   RO          597    i.HAL_TIM_TriggerCallback  stm32f4xx_hal_tim.o
    0x080029e2   0x080029e2   0x00000002   Code   RO         2639    i.HAL_UARTEx_RxEventCallback  stm32f4xx_hal_uart.o
    0x080029e4   0x080029e4   0x00000070   Code   RO         2651    i.HAL_UART_DMAStop  stm32f4xx_hal_uart.o
    0x08002a54   0x08002a54   0x00000002   Code   RO         2653    i.HAL_UART_ErrorCallback  stm32f4xx_hal_uart.o
    0x08002a56   0x08002a56   0x00000002   PAD
    0x08002a58   0x08002a58   0x00000280   Code   RO         2656    i.HAL_UART_IRQHandler  stm32f4xx_hal_uart.o
    0x08002cd8   0x08002cd8   0x00000064   Code   RO         2657    i.HAL_UART_Init     stm32f4xx_hal_uart.o
    0x08002d3c   0x08002d3c   0x000002c4   Code   RO          285    i.HAL_UART_MspInit  usart.o
    0x08003000   0x08003000   0x0000001c   Code   RO         2661    i.HAL_UART_Receive_DMA  stm32f4xx_hal_uart.o
    0x0800301c   0x0800301c   0x0000001c   Code   RO         2662    i.HAL_UART_Receive_IT  stm32f4xx_hal_uart.o
    0x08003038   0x08003038   0x00000064   Code   RO         3240    i.HAL_UART_RxCpltCallback  myuart.o
    0x0800309c   0x0800309c   0x00000002   Code   RO         2664    i.HAL_UART_RxHalfCpltCallback  stm32f4xx_hal_uart.o
    0x0800309e   0x0800309e   0x000000a0   Code   RO         2665    i.HAL_UART_Transmit  stm32f4xx_hal_uart.o
    0x0800313e   0x0800313e   0x00000032   Code   RO         2667    i.HAL_UART_Transmit_IT  stm32f4xx_hal_uart.o
    0x08003170   0x08003170   0x00000002   Code   RO         2668    i.HAL_UART_TxCpltCallback  stm32f4xx_hal_uart.o
    0x08003172   0x08003172   0x00000002   Code   RO          351    i.HardFault_Handler  stm32f4xx_it.o
    0x08003174   0x08003174   0x0000007c   Code   RO          218    i.MX_DMA_Init       dma.o
    0x080031f0   0x080031f0   0x0000003c   Code   RO          194    i.MX_GPIO_Init      gpio.o
    0x0800322c   0x0800322c   0x0000006c   Code   RO          244    i.MX_TIM1_Init      tim.o
    0x08003298   0x08003298   0x00000038   Code   RO          286    i.MX_UART4_Init     usart.o
    0x080032d0   0x080032d0   0x00000038   Code   RO          287    i.MX_USART1_UART_Init  usart.o
    0x08003308   0x08003308   0x00000038   Code   RO          288    i.MX_USART2_UART_Init  usart.o
    0x08003340   0x08003340   0x00000038   Code   RO          289    i.MX_USART6_UART_Init  usart.o
    0x08003378   0x08003378   0x00000002   Code   RO          352    i.MemManage_Handler  stm32f4xx_it.o
    0x0800337a   0x0800337a   0x00000002   PAD
    0x0800337c   0x0800337c   0x0000002c   Code   RO         3201    i.Motor_Init        my_motor.o
    0x080033a8   0x080033a8   0x00000080   Code   RO         3202    i.Motor_Set_Speed   my_motor.o
    0x08003428   0x08003428   0x00000024   Code   RO         3203    i.Motor_Stop        my_motor.o
    0x0800344c   0x0800344c   0x00000164   Code   RO         3241    i.MyUART_ExecuteCommand  myuart.o
    0x080035b0   0x080035b0   0x00000038   Code   RO         3242    i.MyUART_Init       myuart.o
    0x080035e8   0x080035e8   0x0000008c   Code   RO         3243    i.MyUART_USART6_IDLE_Handler  myuart.o
    0x08003674   0x08003674   0x00000002   Code   RO          353    i.NMI_Handler       stm32f4xx_it.o
    0x08003676   0x08003676   0x00000086   Code   RO         3171    i.PID_Compute       pid.o
    0x080036fc   0x080036fc   0x00000010   Code   RO         3172    i.PID_Init          pid.o
    0x0800370c   0x0800370c   0x00000018   Code   RO         3173    i.PID_Reset         pid.o
    0x08003724   0x08003724   0x00000002   Code   RO          354    i.PendSV_Handler    stm32f4xx_it.o
    0x08003726   0x08003726   0x00000002   Code   RO          355    i.SVC_Handler       stm32f4xx_it.o
    0x08003728   0x08003728   0x00000004   Code   RO          356    i.SysTick_Handler   stm32f4xx_it.o
    0x0800372c   0x0800372c   0x00000094   Code   RO           15    i.SystemClock_Config  main.o
    0x080037c0   0x080037c0   0x00000010   Code   RO         2991    i.SystemInit        system_stm32f4xx.o
    0x080037d0   0x080037d0   0x0000000c   Code   RO          357    i.TIM1_UP_TIM10_IRQHandler  stm32f4xx_it.o
    0x080037dc   0x080037dc   0x000000d0   Code   RO          599    i.TIM_Base_SetConfig  stm32f4xx_hal_tim.o
    0x080038ac   0x080038ac   0x00000014   Code   RO          610    i.TIM_ETR_SetConfig  stm32f4xx_hal_tim.o
    0x080038c0   0x080038c0   0x00000010   Code   RO          611    i.TIM_ITRx_SetConfig  stm32f4xx_hal_tim.o
    0x080038d0   0x080038d0   0x00000022   Code   RO          617    i.TIM_TI1_ConfigInputStage  stm32f4xx_hal_tim.o
    0x080038f2   0x080038f2   0x00000024   Code   RO          619    i.TIM_TI2_ConfigInputStage  stm32f4xx_hal_tim.o
    0x08003916   0x08003916   0x00000002   PAD
    0x08003918   0x08003918   0x0000000c   Code   RO          358    i.UART4_IRQHandler  stm32f4xx_it.o
    0x08003924   0x08003924   0x0000000e   Code   RO         2670    i.UART_DMAAbortOnError  stm32f4xx_hal_uart.o
    0x08003932   0x08003932   0x0000004a   Code   RO         2671    i.UART_DMAError     stm32f4xx_hal_uart.o
    0x0800397c   0x0800397c   0x00000086   Code   RO         2672    i.UART_DMAReceiveCplt  stm32f4xx_hal_uart.o
    0x08003a02   0x08003a02   0x0000001e   Code   RO         2674    i.UART_DMARxHalfCplt  stm32f4xx_hal_uart.o
    0x08003a20   0x08003a20   0x0000004e   Code   RO         2680    i.UART_EndRxTransfer  stm32f4xx_hal_uart.o
    0x08003a6e   0x08003a6e   0x0000001c   Code   RO         2681    i.UART_EndTxTransfer  stm32f4xx_hal_uart.o
    0x08003a8a   0x08003a8a   0x000000c2   Code   RO         2682    i.UART_Receive_IT   stm32f4xx_hal_uart.o
    0x08003b4c   0x08003b4c   0x0000010c   Code   RO         2683    i.UART_SetConfig    stm32f4xx_hal_uart.o
    0x08003c58   0x08003c58   0x000000a0   Code   RO         2684    i.UART_Start_Receive_DMA  stm32f4xx_hal_uart.o
    0x08003cf8   0x08003cf8   0x00000036   Code   RO         2685    i.UART_Start_Receive_IT  stm32f4xx_hal_uart.o
    0x08003d2e   0x08003d2e   0x00000072   Code   RO         2686    i.UART_WaitOnFlagUntilTimeout  stm32f4xx_hal_uart.o
    0x08003da0   0x08003da0   0x0000000c   Code   RO          359    i.USART1_IRQHandler  stm32f4xx_it.o
    0x08003dac   0x08003dac   0x0000000c   Code   RO          360    i.USART2_IRQHandler  stm32f4xx_it.o
    0x08003db8   0x08003db8   0x00000014   Code   RO          361    i.USART6_IRQHandler  stm32f4xx_it.o
    0x08003dcc   0x08003dcc   0x00000002   Code   RO          362    i.UsageFault_Handler  stm32f4xx_it.o
    0x08003dce   0x08003dce   0x00000002   PAD
    0x08003dd0   0x08003dd0   0x00000020   Code   RO         3640    i.__0printf         mc_w.l(printfa.o)
    0x08003df0   0x08003df0   0x00000020   Code   RO         2237    i.__NVIC_SetPriority  stm32f4xx_hal_cortex.o
    0x08003e10   0x08003e10   0x0000000e   Code   RO         3736    i.__scatterload_copy  mc_w.l(handlers.o)
    0x08003e1e   0x08003e1e   0x00000002   Code   RO         3737    i.__scatterload_null  mc_w.l(handlers.o)
    0x08003e20   0x08003e20   0x0000000e   Code   RO         3738    i.__scatterload_zeroinit  mc_w.l(handlers.o)
    0x08003e2e   0x08003e2e   0x00000002   PAD
    0x08003e30   0x08003e30   0x00000184   Code   RO         3647    i._fp_digits        mc_w.l(printfa.o)
    0x08003fb4   0x08003fb4   0x0000000e   Code   RO         3674    i._is_digit         mc_w.l(scanf_fp.o)
    0x08003fc2   0x08003fc2   0x00000002   PAD
    0x08003fc4   0x08003fc4   0x000006dc   Code   RO         3648    i._printf_core      mc_w.l(printfa.o)
    0x080046a0   0x080046a0   0x00000024   Code   RO         3649    i._printf_post_padding  mc_w.l(printfa.o)
    0x080046c4   0x080046c4   0x0000002e   Code   RO         3650    i._printf_pre_padding  mc_w.l(printfa.o)
    0x080046f2   0x080046f2   0x00000002   PAD
    0x080046f4   0x080046f4   0x00000018   Code   RO         3029    i.fputc             myprintf.o
    0x0800470c   0x0800470c   0x00000140   Code   RO           16    i.main              main.o
    0x0800484c   0x0800484c   0x00000008   Data   RO         1951    .constdata          stm32f4xx_hal_dma.o
    0x08004854   0x08004854   0x00000010   Data   RO         2992    .constdata          system_stm32f4xx.o
    0x08004864   0x08004864   0x00000008   Data   RO         2993    .constdata          system_stm32f4xx.o
    0x0800486c   0x0800486c   0x00000040   Data   RO         3732    .constdata          mc_w.l(ctype_c.o)
    0x080048ac   0x080048ac   0x00000020   Data   RO         3734    Region$$Table       anon$$obj.o


    Execution Region RW_IRAM1 (Exec base: 0x20000000, Load base: 0x080048cc, Size: 0x00000a98, Max: 0x0001c000, ABSOLUTE)

    Exec Addr    Load Addr    Size         Type   Attr      Idx    E Section Name        Object

    0x20000000   0x080048cc   0x00000004   Data   RW           17    .data               main.o
    0x20000004   0x080048d0   0x0000000c   Data   RW         2396    .data               stm32f4xx_hal.o
    0x20000010   0x080048dc   0x00000004   Data   RW         2994    .data               system_stm32f4xx.o
    0x20000014   0x080048e0   0x00000004   Data   RW         3030    .data               myprintf.o
    0x20000018   0x080048e4   0x00000010   Data   RW         3245    .data               myuart.o
    0x20000028   0x080048f4   0x00000028   Data   RW         3306    .data               gimbal_control.o
    0x20000050        -       0x00000048   Zero   RW          245    .bss                tim.o
    0x20000098        -       0x00000300   Zero   RW          290    .bss                usart.o
    0x20000398        -       0x000002c0   Zero   RW         3244    .bss                myuart.o
    0x20000658        -       0x00000040   Zero   RW         3305    .bss                gimbal_control.o
    0x20000698        -       0x00000400   Zero   RW            1    STACK               startup_stm32f407xx.o


    Execution Region RW_IRAM2 (Exec base: 0x2001c000, Load base: 0x0800491c, Size: 0x00000000, Max: 0x00004000, ABSOLUTE)

    **** No section assigned to this execution region ****


==============================================================================

Image component sizes


      Code (inc. data)   RO Data    RW Data    ZI Data      Debug   Object Name

       124          4          0          0          0        834   dma.o
       176          0          0          0          0       3287   emm_v5.o
      1716        508          0         40         64       9245   gimbal_control.o
        60          6          0          0          0        823   gpio.o
       548        166          0          4          0     694216   main.o
       208         30          0          0          0       1972   my_motor.o
        24          4          0          4          0       2223   myprintf.o
       652        140          0         16        704       3795   myuart.o
       174          6          0          0          0       2509   pid.o
        36          8        392          0       1024        832   startup_stm32f407xx.o
       180         28          0         12          0       9369   stm32f4xx_hal.o
       198         14          0          0          0      33783   stm32f4xx_hal_cortex.o
      1084         16          8          0          0       7302   stm32f4xx_hal_dma.o
       496         46          0          0          0       1524   stm32f4xx_hal_gpio.o
        48          6          0          0          0        850   stm32f4xx_hal_msp.o
      1344         72          0          0          0       5228   stm32f4xx_hal_rcc.o
      1064         72          0          0          0      10253   stm32f4xx_hal_tim.o
       148         28          0          0          0       2465   stm32f4xx_hal_tim_ex.o
      2274         28          0          0          0      17680   stm32f4xx_hal_uart.o
       148         58          0          0          0       8862   stm32f4xx_it.o
        16          4         24          4          0       1115   system_stm32f4xx.o
       168         20          0          0         72       1682   tim.o
       932         76          0          0        768       4241   usart.o

    ----------------------------------------------------------------------
     11840       1340        456         80       2632     824090   Object Totals
         0          0         32          0          0          0   (incl. Generated)
        22          0          0          0          0          0   (incl. Padding)

    ----------------------------------------------------------------------

      Code (inc. data)   RO Data    RW Data    ZI Data      Debug   Library Member Name

        56          8          0          0          0         84   __0sscanf.o
        28          0          0          0          0         68   _chval.o
       812          4          0          0          0        112   _scanf.o
       332          0          0          0          0         96   _scanf_int.o
        64          0          0          0          0         84   _sgetc.o
        40          6         64          0          0         68   ctype_c.o
         0          0          0          0          0          0   entry.o
         0          0          0          0          0          0   entry10a.o
         0          0          0          0          0          0   entry11a.o
         8          4          0          0          0          0   entry2.o
         4          0          0          0          0          0   entry5.o
         0          0          0          0          0          0   entry7b.o
         0          0          0          0          0          0   entry8b.o
         8          4          0          0          0          0   entry9a.o
        30          0          0          0          0          0   handlers.o
        36          8          0          0          0         68   init.o
        10          0          0          0          0         68   isspace_c.o
         0          0          0          0          0          0   iusefp.o
        30          0          0          0          0         68   llshl.o
        36          0          0          0          0         68   llsshr.o
        32          0          0          0          0         68   llushr.o
        36          0          0          0          0         68   memcpya.o
        36          0          0          0          0        108   memseta.o
      2258         90          0          0          0        452   printfa.o
        40          8          0          0          0         84   scanf_char.o
       878         12          0          0          0        216   scanf_fp.o
        28          0          0          0          0         76   strcmp.o
        30          0          0          0          0         80   strncmp.o
        44          0          0          0          0         80   uidiv.o
        98          0          0          0          0         92   uldiv.o
        48          0          0          0          0         68   cdrcmple.o
        56          0          0          0          0         88   d2f.o
       334          0          0          0          0        148   dadd.o
       222          0          0          0          0        100   ddiv.o
       186          0          0          0          0        176   depilogue.o
        48          0          0          0          0         68   dfixul.o
        24          0          0          0          0         76   dfltul.o
       228          0          0          0          0         96   dmul.o
        38          0          0          0          0         68   f2d.o
       110          0          0          0          0        168   fepilogue.o

    ----------------------------------------------------------------------
      6276        144         64          0          0       3164   Library Totals
         8          0          0          0          0          0   (incl. Padding)

    ----------------------------------------------------------------------

      Code (inc. data)   RO Data    RW Data    ZI Data      Debug   Library Name

      4974        144         64          0          0       2108   mc_w.l
      1294          0          0          0          0       1056   mf_w.l

    ----------------------------------------------------------------------
      6276        144         64          0          0       3164   Library Totals

    ----------------------------------------------------------------------

==============================================================================


      Code (inc. data)   RO Data    RW Data    ZI Data      Debug   

     18116       1484        520         80       2632     814694   Grand Totals
     18116       1484        520         80       2632     814694   ELF Image Totals
     18116       1484        520         80          0          0   ROM Totals

==============================================================================

    Total RO  Size (Code + RO Data)                18636 (  18.20kB)
    Total RW  Size (RW Data + ZI Data)              2712 (   2.65kB)
    Total ROM Size (Code + RO Data + RW Data)      18716 (  18.28kB)

==============================================================================

