<html>
<body>
<pre>
<h1>µVision Build Log</h1>
<h2>Tool Versions:</h2>
IDE-Version: ¦ÌVision V5.43.1.0
Copyright (C) 2025 ARM Ltd and ARM Germany GmbH. All rights reserved.
License Information: 255224995@qq.com 255224995@qq.com, 255224995@qq.com, LIC=9WSKC-76K29-WF1I7-ENJ8H-BVKYX-921U0
 
Tool Versions:
Toolchain:       MDK-ARM Plus  Version: 5.43.0.0
Toolchain Path:  E:\keil5mdk\ARM\ARMCC\Bin
C Compiler:      Armcc.exe V5.06 update 5 (build 528)
Assembler:       Armasm.exe V5.06 update 5 (build 528)
Linker/Locator:  ArmLink.exe V5.06 update 5 (build 528)
Library Manager: ArmAr.exe V5.06 update 5 (build 528)
Hex Converter:   FromElf.exe V5.06 update 5 (build 528)
CPU DLL:         SARMCM3.DLL V5.43.0.0
Dialog DLL:      DCM.DLL V1.17.5.0
Target DLL:      CMSIS_AGDI.dll V1.33.24.0
Dialog DLL:      TCM.DLL V1.56.6.0
 
<h2>Project:</h2>
C:\Users\25522\Desktop\myyuntai\MDK-ARM\myyuntai.uvprojx
Project File Date:  06/12/2026

<h2>Output:</h2>
*** Using Compiler 'V5.06 update 5 (build 528)', folder: 'E:\keil5mdk\ARM\ARMCC\Bin'
Build target 'myyuntai'
compiling myuart.c...
..\work\myuart.h(13): warning:  #1-D: last line of file ends without a newline
  #endif /* __MYUART_H */
..\work\gimbal_control.h(52): warning:  #1-D: last line of file ends without a newline
  #endif
..\work\myuart.c(127): warning:  #1-D: last line of file ends without a newline
  }
..\work\myuart.c: 3 warnings, 0 errors
compiling main.c...
../work/myuart.h(13): warning:  #1-D: last line of file ends without a newline
  #endif /* __MYUART_H */
../work/gimbal_control.h(52): warning:  #1-D: last line of file ends without a newline
  #endif
../Core/Src/main.c: 2 warnings, 0 errors
compiling gimbal_control.c...
..\work\gimbal_control.h(52): warning:  #1-D: last line of file ends without a newline
  #endif
../lib/pid.h(25): warning:  #1-D: last line of file ends without a newline
  #endif /* __PID_H */
..\work\gimbal_control.c(209): warning:  #1-D: last line of file ends without a newline
  }
..\work\gimbal_control.c: 3 warnings, 0 errors
linking...
Program Size: Code=18116 RO-data=520 RW-data=80 ZI-data=2632  
FromELF: creating hex file...
"myyuntai\myyuntai.axf" - 0 Error(s), 8 Warning(s).

<h2>Software Packages used:</h2>

Package Vendor: ARM
                https://www.keil.com/pack/ARM.CMSIS.6.2.0.pack
                ARM::CMSIS@6.2.0
                CMSIS (Common Microcontroller Software Interface Standard)
   * Component: CORE Version: 6.1.1

Package Vendor: Keil
                https://www.keil.com/pack/Keil.STM32F4xx_DFP.3.1.1.pack
                Keil::STM32F4xx_DFP@3.1.1
                STMicroelectronics STM32F4 Series Device Support

<h2>Collection of Component include folders:</h2>
  ./RTE/_myyuntai
  E:/keil5mdk/ARM/PACK/ARM/CMSIS/6.2.0/CMSIS/Core/Include

<h2>Collection of Component Files used:</h2>

   * Component: ARM::CMSIS:CORE@6.1.1
      Include file:  CMSIS/Core/Include/tz_context.h
Build Time Elapsed:  00:00:02
</pre>
</body>
</html>
